Archive member included to satisfy reference by file (symbol)

d:/intel/quartus/18.0lite/nios2eds/bin/gnu/h-x86_64-mingw32/bin/../lib/gcc/nios2-elf/5.3.0/../../../../../H-x86_64-mingw32/nios2-elf/lib/mno-hw-mul\libsmallc.a(lib_a-puts.o)
                              obj/default/hello_world.o (puts)
d:/intel/quartus/18.0lite/nios2eds/bin/gnu/h-x86_64-mingw32/bin/../lib/gcc/nios2-elf/5.3.0/../../../../../H-x86_64-mingw32/nios2-elf/lib/mno-hw-mul\libsmallc.a(lib_a-strlen.o)
                              d:/intel/quartus/18.0lite/nios2eds/bin/gnu/h-x86_64-mingw32/bin/../lib/gcc/nios2-elf/5.3.0/../../../../../H-x86_64-mingw32/nios2-elf/lib/mno-hw-mul\libsmallc.a(lib_a-puts.o) (strlen)
d:/intel/quartus/18.0lite/nios2eds/bin/gnu/h-x86_64-mingw32/bin/../lib/gcc/nios2-elf/5.3.0/../../../../../H-x86_64-mingw32/nios2-elf/lib/mno-hw-mul\libsmallc.a(lib_a-fvwrite_small_dev.o)
                              d:/intel/quartus/18.0lite/nios2eds/bin/gnu/h-x86_64-mingw32/bin/../lib/gcc/nios2-elf/5.3.0/../../../../../H-x86_64-mingw32/nios2-elf/lib/mno-hw-mul\libsmallc.a(lib_a-puts.o) (__sfvwrite_small_dev)
d:/intel/quartus/18.0lite/nios2eds/bin/gnu/h-x86_64-mingw32/bin/../lib/gcc/nios2-elf/5.3.0/../../../../../H-x86_64-mingw32/nios2-elf/lib/mno-hw-mul\libsmallc.a(lib_a-impure.o)
                              d:/intel/quartus/18.0lite/nios2eds/bin/gnu/h-x86_64-mingw32/bin/../lib/gcc/nios2-elf/5.3.0/../../../../../H-x86_64-mingw32/nios2-elf/lib/mno-hw-mul\libsmallc.a(lib_a-puts.o) (_impure_ptr)
d:/intel/quartus/18.0lite/nios2eds/bin/gnu/h-x86_64-mingw32/bin/../lib/gcc/nios2-elf/5.3.0/../../../../../H-x86_64-mingw32/nios2-elf/lib/mno-hw-mul\libsmallc.a(lib_a-writer.o)
                              d:/intel/quartus/18.0lite/nios2eds/bin/gnu/h-x86_64-mingw32/bin/../lib/gcc/nios2-elf/5.3.0/../../../../../H-x86_64-mingw32/nios2-elf/lib/mno-hw-mul\libsmallc.a(lib_a-fvwrite_small_dev.o) (_write_r)
d:/intel/quartus/18.0lite/nios2eds/bin/gnu/h-x86_64-mingw32/bin/../lib/gcc/nios2-elf/5.3.0/../../../../../H-x86_64-mingw32/nios2-elf/lib/mno-hw-mul\libsmallc.a(lib_a-int_errno.o)
                              d:/intel/quartus/18.0lite/nios2eds/bin/gnu/h-x86_64-mingw32/bin/../lib/gcc/nios2-elf/5.3.0/../../../../../H-x86_64-mingw32/nios2-elf/lib/mno-hw-mul\libsmallc.a(lib_a-writer.o) (errno)
../simple_nios_lab_bsp/\libhal_bsp.a(alt_load.o)
                              ../simple_nios_lab_bsp//obj/HAL/src/crt0.o (alt_load)
../simple_nios_lab_bsp/\libhal_bsp.a(alt_main.o)
                              ../simple_nios_lab_bsp//obj/HAL/src/crt0.o (alt_main)
../simple_nios_lab_bsp/\libhal_bsp.a(alt_write.o)
                              d:/intel/quartus/18.0lite/nios2eds/bin/gnu/h-x86_64-mingw32/bin/../lib/gcc/nios2-elf/5.3.0/../../../../../H-x86_64-mingw32/nios2-elf/lib/mno-hw-mul\libsmallc.a(lib_a-writer.o) (write)
../simple_nios_lab_bsp/\libhal_bsp.a(alt_sys_init.o)
                              ../simple_nios_lab_bsp/\libhal_bsp.a(alt_main.o) (alt_irq_init)
../simple_nios_lab_bsp/\libhal_bsp.a(altera_avalon_jtag_uart_fd.o)
                              ../simple_nios_lab_bsp/\libhal_bsp.a(alt_sys_init.o) (altera_avalon_jtag_uart_read_fd)
../simple_nios_lab_bsp/\libhal_bsp.a(altera_avalon_jtag_uart_read.o)
                              ../simple_nios_lab_bsp/\libhal_bsp.a(altera_avalon_jtag_uart_fd.o) (altera_avalon_jtag_uart_read)
../simple_nios_lab_bsp/\libhal_bsp.a(altera_avalon_jtag_uart_write.o)
                              ../simple_nios_lab_bsp/\libhal_bsp.a(altera_avalon_jtag_uart_fd.o) (altera_avalon_jtag_uart_write)
../simple_nios_lab_bsp/\libhal_bsp.a(alt_close.o)
                              ../simple_nios_lab_bsp/\libhal_bsp.a(alt_main.o) (close)
../simple_nios_lab_bsp/\libhal_bsp.a(alt_dcache_flush_all.o)
                              ../simple_nios_lab_bsp/\libhal_bsp.a(alt_load.o) (alt_dcache_flush_all)
../simple_nios_lab_bsp/\libhal_bsp.a(alt_dev.o)
                              ../simple_nios_lab_bsp/\libhal_bsp.a(alt_write.o) (alt_fd_list)
../simple_nios_lab_bsp/\libhal_bsp.a(alt_dev_llist_insert.o)
                              ../simple_nios_lab_bsp/\libhal_bsp.a(alt_sys_init.o) (alt_dev_llist_insert)
../simple_nios_lab_bsp/\libhal_bsp.a(alt_errno.o)
                              ../simple_nios_lab_bsp/\libhal_bsp.a(alt_write.o) (alt_errno)
../simple_nios_lab_bsp/\libhal_bsp.a(alt_icache_flush_all.o)
                              ../simple_nios_lab_bsp/\libhal_bsp.a(alt_load.o) (alt_icache_flush_all)
../simple_nios_lab_bsp/\libhal_bsp.a(alt_io_redirect.o)
                              ../simple_nios_lab_bsp/\libhal_bsp.a(alt_main.o) (alt_io_redirect)
../simple_nios_lab_bsp/\libhal_bsp.a(alt_open.o)
                              ../simple_nios_lab_bsp/\libhal_bsp.a(alt_io_redirect.o) (open)
../simple_nios_lab_bsp/\libhal_bsp.a(alt_release_fd.o)
                              ../simple_nios_lab_bsp/\libhal_bsp.a(alt_close.o) (alt_release_fd)
../simple_nios_lab_bsp/\libhal_bsp.a(altera_nios2_gen2_irq.o)
                              ../simple_nios_lab_bsp/\libhal_bsp.a(alt_sys_init.o) (altera_nios2_gen2_irq_init)
../simple_nios_lab_bsp/\libhal_bsp.a(alt_find_dev.o)
                              ../simple_nios_lab_bsp/\libhal_bsp.a(alt_open.o) (alt_find_dev)
../simple_nios_lab_bsp/\libhal_bsp.a(alt_find_file.o)
                              ../simple_nios_lab_bsp/\libhal_bsp.a(alt_open.o) (alt_find_file)
../simple_nios_lab_bsp/\libhal_bsp.a(alt_get_fd.o)
                              ../simple_nios_lab_bsp/\libhal_bsp.a(alt_open.o) (alt_get_fd)
d:/intel/quartus/18.0lite/nios2eds/bin/gnu/h-x86_64-mingw32/bin/../lib/gcc/nios2-elf/5.3.0/../../../../../H-x86_64-mingw32/nios2-elf/lib/mno-hw-mul\libsmallc.a(lib_a-exit.o)
                              ../simple_nios_lab_bsp/\libhal_bsp.a(alt_main.o) (exit)
d:/intel/quartus/18.0lite/nios2eds/bin/gnu/h-x86_64-mingw32/bin/../lib/gcc/nios2-elf/5.3.0/../../../../../H-x86_64-mingw32/nios2-elf/lib/mno-hw-mul\libsmallc.a(lib_a-memcmp.o)
                              ../simple_nios_lab_bsp/\libhal_bsp.a(alt_find_dev.o) (memcmp)
d:/intel/quartus/18.0lite/nios2eds/bin/gnu/h-x86_64-mingw32/bin/../lib/gcc/nios2-elf/5.3.0/../../../../../H-x86_64-mingw32/nios2-elf/lib/mno-hw-mul\libsmallc.a(lib_a-__call_atexit.o)
                              d:/intel/quartus/18.0lite/nios2eds/bin/gnu/h-x86_64-mingw32/bin/../lib/gcc/nios2-elf/5.3.0/../../../../../H-x86_64-mingw32/nios2-elf/lib/mno-hw-mul\libsmallc.a(lib_a-exit.o) (__call_exitprocs)
d:/intel/quartus/18.0lite/nios2eds/bin/gnu/h-x86_64-mingw32/bin/../lib/gcc/nios2-elf/5.3.0/mno-hw-mul\libgcc.a(lib2-mul.o)
                              ../simple_nios_lab_bsp/\libhal_bsp.a(alt_write.o) (__mulsi3)
../simple_nios_lab_bsp/\libhal_bsp.a(alt_exit.o)
                              d:/intel/quartus/18.0lite/nios2eds/bin/gnu/h-x86_64-mingw32/bin/../lib/gcc/nios2-elf/5.3.0/../../../../../H-x86_64-mingw32/nios2-elf/lib/mno-hw-mul\libsmallc.a(lib_a-exit.o) (_exit)

Allocating common symbols
Common symbol       size              file

errno               0x4               d:/intel/quartus/18.0lite/nios2eds/bin/gnu/h-x86_64-mingw32/bin/../lib/gcc/nios2-elf/5.3.0/../../../../../H-x86_64-mingw32/nios2-elf/lib/mno-hw-mul\libsmallc.a(lib_a-int_errno.o)

Memory Configuration

Name             Origin             Length             Attributes
reset            0x0000000000002000 0x0000000000000020
onchip           0x0000000000002020 0x0000000000001fe0
*default*        0x0000000000000000 0xffffffffffffffff

Linker script and memory map

LOAD ../simple_nios_lab_bsp//obj/HAL/src/crt0.o
LOAD obj/default/hello_world.o
LOAD d:/intel/quartus/18.0lite/nios2eds/bin/gnu/h-x86_64-mingw32/bin/../lib/gcc/nios2-elf/5.3.0/../../../../../H-x86_64-mingw32/nios2-elf/lib/mno-hw-mul\libstdc++.a
LOAD d:/intel/quartus/18.0lite/nios2eds/bin/gnu/h-x86_64-mingw32/bin/../lib/gcc/nios2-elf/5.3.0/../../../../../H-x86_64-mingw32/nios2-elf/lib/mno-hw-mul\libm.a
LOAD d:/intel/quartus/18.0lite/nios2eds/bin/gnu/h-x86_64-mingw32/bin/../lib/gcc/nios2-elf/5.3.0/mno-hw-mul\libgcc.a
START GROUP
LOAD d:/intel/quartus/18.0lite/nios2eds/bin/gnu/h-x86_64-mingw32/bin/../lib/gcc/nios2-elf/5.3.0/../../../../../H-x86_64-mingw32/nios2-elf/lib/mno-hw-mul\libsmallc.a
LOAD d:/intel/quartus/18.0lite/nios2eds/bin/gnu/h-x86_64-mingw32/bin/../lib/gcc/nios2-elf/5.3.0/mno-hw-mul\libgcc.a
LOAD ../simple_nios_lab_bsp/\libhal_bsp.a
LOAD d:/intel/quartus/18.0lite/nios2eds/bin/gnu/h-x86_64-mingw32/bin/../lib/gcc/nios2-elf/5.3.0/../../../../../H-x86_64-mingw32/nios2-elf/lib/mno-hw-mul\libm.a
END GROUP
LOAD d:/intel/quartus/18.0lite/nios2eds/bin/gnu/h-x86_64-mingw32/bin/../lib/gcc/nios2-elf/5.3.0/mno-hw-mul\libgcc.a
                0x0000000000002000                __alt_mem_onchip = 0x2000

.entry          0x0000000000002000       0x20
 *(.entry)
 .entry         0x0000000000002000       0x20 ../simple_nios_lab_bsp//obj/HAL/src/crt0.o
                0x0000000000002000                __reset

.exceptions     0x0000000000002020        0x0
                0x0000000000002020                PROVIDE (__ram_exceptions_start, ABSOLUTE (.))
                0x0000000000002020                . = ALIGN (0x20)
 *(.irq)
 *(.exceptions.entry.label)
 *(.exceptions.entry.user)
 *(.exceptions.entry.ecc_fatal)
 *(.exceptions.entry)
 *(.exceptions.irqtest.user)
 *(.exceptions.irqtest)
 *(.exceptions.irqhandler.user)
 *(.exceptions.irqhandler)
 *(.exceptions.irqreturn.user)
 *(.exceptions.irqreturn)
 *(.exceptions.notirq.label)
 *(.exceptions.notirq.user)
 *(.exceptions.notirq)
 *(.exceptions.soft.user)
 *(.exceptions.soft)
 *(.exceptions.unknown.user)
 *(.exceptions.unknown)
 *(.exceptions.exit.label)
 *(.exceptions.exit.user)
 *(.exceptions.exit)
 *(.exceptions)
                0x0000000000002020                PROVIDE (__ram_exceptions_end, ABSOLUTE (.))
                0x0000000000002020                PROVIDE (__flash_exceptions_start, LOADADDR (.exceptions))

.text           0x0000000000002020      0xdd0
                [!provide]                        PROVIDE (stext, ABSOLUTE (.))
 *(.interp)
 *(.hash)
 *(.dynsym)
 *(.dynstr)
 *(.gnu.version)
 *(.gnu.version_d)
 *(.gnu.version_r)
 *(.rel.init)
 *(.rela.init)
 *(.rel.text .rel.text.* .rel.gnu.linkonce.t.*)
 *(.rela.text .rela.text.* .rela.gnu.linkonce.t.*)
 *(.rel.fini)
 *(.rela.fini)
 *(.rel.rodata .rel.rodata.* .rel.gnu.linkonce.r.*)
 *(.rela.rodata .rela.rodata.* .rela.gnu.linkonce.r.*)
 *(.rel.data .rel.data.* .rel.gnu.linkonce.d.*)
 *(.rela.data .rela.data.* .rela.gnu.linkonce.d.*)
 *(.rel.tdata .rel.tdata.* .rel.gnu.linkonce.td.*)
 *(.rela.tdata .rela.tdata.* .rela.gnu.linkonce.td.*)
 *(.rel.tbss .rel.tbss.* .rel.gnu.linkonce.tb.*)
 *(.rela.tbss .rela.tbss.* .rela.gnu.linkonce.tb.*)
 *(.rel.ctors)
 *(.rela.ctors)
 *(.rel.dtors)
 *(.rela.dtors)
 *(.rel.got)
 *(.rela.got)
 *(.rel.sdata .rel.sdata.* .rel.gnu.linkonce.s.*)
 *(.rela.sdata .rela.sdata.* .rela.gnu.linkonce.s.*)
 *(.rel.sbss .rel.sbss.* .rel.gnu.linkonce.sb.*)
 *(.rela.sbss .rela.sbss.* .rela.gnu.linkonce.sb.*)
 *(.rel.sdata2 .rel.sdata2.* .rel.gnu.linkonce.s2.*)
 *(.rela.sdata2 .rela.sdata2.* .rela.gnu.linkonce.s2.*)
 *(.rel.sbss2 .rel.sbss2.* .rel.gnu.linkonce.sb2.*)
 *(.rela.sbss2 .rela.sbss2.* .rela.gnu.linkonce.sb2.*)
 *(.rel.bss .rel.bss.* .rel.gnu.linkonce.b.*)
 *(.rela.bss .rela.bss.* .rela.gnu.linkonce.b.*)
 *(.rel.plt)
 *(.rela.plt)
 *(.rel.dyn)
 *(.init)
 *(.plt)
 *(.text .stub .text.* .gnu.linkonce.t.*)
 .text          0x0000000000002020       0x3c ../simple_nios_lab_bsp//obj/HAL/src/crt0.o
                0x0000000000002020                _start
 .text          0x000000000000205c       0x78 obj/default/hello_world.o
                0x000000000000205c                main
 .text          0x00000000000020d4        0x0 d:/intel/quartus/18.0lite/nios2eds/bin/gnu/h-x86_64-mingw32/bin/../lib/gcc/nios2-elf/5.3.0/../../../../../H-x86_64-mingw32/nios2-elf/lib/mno-hw-mul\libsmallc.a(lib_a-puts.o)
 .text._puts_r  0x00000000000020d4       0x80 d:/intel/quartus/18.0lite/nios2eds/bin/gnu/h-x86_64-mingw32/bin/../lib/gcc/nios2-elf/5.3.0/../../../../../H-x86_64-mingw32/nios2-elf/lib/mno-hw-mul\libsmallc.a(lib_a-puts.o)
                0x00000000000020d4                _puts_r
 .text.puts     0x0000000000002154       0x14 d:/intel/quartus/18.0lite/nios2eds/bin/gnu/h-x86_64-mingw32/bin/../lib/gcc/nios2-elf/5.3.0/../../../../../H-x86_64-mingw32/nios2-elf/lib/mno-hw-mul\libsmallc.a(lib_a-puts.o)
                0x0000000000002154                puts
 .text          0x0000000000002168        0x0 d:/intel/quartus/18.0lite/nios2eds/bin/gnu/h-x86_64-mingw32/bin/../lib/gcc/nios2-elf/5.3.0/../../../../../H-x86_64-mingw32/nios2-elf/lib/mno-hw-mul\libsmallc.a(lib_a-strlen.o)
 .text.strlen   0x0000000000002168       0x1c d:/intel/quartus/18.0lite/nios2eds/bin/gnu/h-x86_64-mingw32/bin/../lib/gcc/nios2-elf/5.3.0/../../../../../H-x86_64-mingw32/nios2-elf/lib/mno-hw-mul\libsmallc.a(lib_a-strlen.o)
                0x0000000000002168                strlen
 .text          0x0000000000002184        0x0 d:/intel/quartus/18.0lite/nios2eds/bin/gnu/h-x86_64-mingw32/bin/../lib/gcc/nios2-elf/5.3.0/../../../../../H-x86_64-mingw32/nios2-elf/lib/mno-hw-mul\libsmallc.a(lib_a-fvwrite_small_dev.o)
 .text.__sfvwrite_small_dev
                0x0000000000002184       0xb8 d:/intel/quartus/18.0lite/nios2eds/bin/gnu/h-x86_64-mingw32/bin/../lib/gcc/nios2-elf/5.3.0/../../../../../H-x86_64-mingw32/nios2-elf/lib/mno-hw-mul\libsmallc.a(lib_a-fvwrite_small_dev.o)
                0x0000000000002184                __sfvwrite_small_dev
 .text          0x000000000000223c        0x0 d:/intel/quartus/18.0lite/nios2eds/bin/gnu/h-x86_64-mingw32/bin/../lib/gcc/nios2-elf/5.3.0/../../../../../H-x86_64-mingw32/nios2-elf/lib/mno-hw-mul\libsmallc.a(lib_a-impure.o)
 .text          0x000000000000223c        0x0 d:/intel/quartus/18.0lite/nios2eds/bin/gnu/h-x86_64-mingw32/bin/../lib/gcc/nios2-elf/5.3.0/../../../../../H-x86_64-mingw32/nios2-elf/lib/mno-hw-mul\libsmallc.a(lib_a-writer.o)
 .text._write_r
                0x000000000000223c       0x58 d:/intel/quartus/18.0lite/nios2eds/bin/gnu/h-x86_64-mingw32/bin/../lib/gcc/nios2-elf/5.3.0/../../../../../H-x86_64-mingw32/nios2-elf/lib/mno-hw-mul\libsmallc.a(lib_a-writer.o)
                0x000000000000223c                _write_r
 .text          0x0000000000002294        0x0 d:/intel/quartus/18.0lite/nios2eds/bin/gnu/h-x86_64-mingw32/bin/../lib/gcc/nios2-elf/5.3.0/../../../../../H-x86_64-mingw32/nios2-elf/lib/mno-hw-mul\libsmallc.a(lib_a-int_errno.o)
 .text          0x0000000000002294      0x114 ../simple_nios_lab_bsp/\libhal_bsp.a(alt_load.o)
                0x0000000000002294                alt_load
 .text          0x00000000000023a8       0x50 ../simple_nios_lab_bsp/\libhal_bsp.a(alt_main.o)
                0x00000000000023a8                alt_main
 .text          0x00000000000023f8      0x110 ../simple_nios_lab_bsp/\libhal_bsp.a(alt_write.o)
                0x00000000000023f8                write
 .text          0x0000000000002508       0x30 ../simple_nios_lab_bsp/\libhal_bsp.a(alt_sys_init.o)
                0x0000000000002508                alt_irq_init
                0x0000000000002528                alt_sys_init
 .text          0x0000000000002538       0x20 ../simple_nios_lab_bsp/\libhal_bsp.a(altera_avalon_jtag_uart_fd.o)
                0x0000000000002538                altera_avalon_jtag_uart_read_fd
                0x0000000000002548                altera_avalon_jtag_uart_write_fd
 .text          0x0000000000002558       0x74 ../simple_nios_lab_bsp/\libhal_bsp.a(altera_avalon_jtag_uart_read.o)
                0x0000000000002558                altera_avalon_jtag_uart_read
 .text          0x00000000000025cc       0x34 ../simple_nios_lab_bsp/\libhal_bsp.a(altera_avalon_jtag_uart_write.o)
                0x00000000000025cc                altera_avalon_jtag_uart_write
 .text          0x0000000000002600       0xc0 ../simple_nios_lab_bsp/\libhal_bsp.a(alt_close.o)
                0x0000000000002600                close
 .text          0x00000000000026c0        0x4 ../simple_nios_lab_bsp/\libhal_bsp.a(alt_dcache_flush_all.o)
                0x00000000000026c0                alt_dcache_flush_all
 .text          0x00000000000026c4        0x8 ../simple_nios_lab_bsp/\libhal_bsp.a(alt_dev.o)
 .text          0x00000000000026cc       0x6c ../simple_nios_lab_bsp/\libhal_bsp.a(alt_dev_llist_insert.o)
                0x00000000000026cc                alt_dev_llist_insert
 .text          0x0000000000002738        0x0 ../simple_nios_lab_bsp/\libhal_bsp.a(alt_errno.o)
 .text          0x0000000000002738        0x4 ../simple_nios_lab_bsp/\libhal_bsp.a(alt_icache_flush_all.o)
                0x0000000000002738                alt_icache_flush_all
 .text          0x000000000000273c      0x100 ../simple_nios_lab_bsp/\libhal_bsp.a(alt_io_redirect.o)
                0x00000000000027c8                alt_io_redirect
 .text          0x000000000000283c      0x188 ../simple_nios_lab_bsp/\libhal_bsp.a(alt_open.o)
                0x000000000000283c                open
 .text          0x00000000000029c4       0x5c ../simple_nios_lab_bsp/\libhal_bsp.a(alt_release_fd.o)
                0x00000000000029c4                alt_release_fd
 .text          0x0000000000002a20        0x8 ../simple_nios_lab_bsp/\libhal_bsp.a(altera_nios2_gen2_irq.o)
                0x0000000000002a20                altera_nios2_gen2_irq_init
 .text          0x0000000000002a28       0x78 ../simple_nios_lab_bsp/\libhal_bsp.a(alt_find_dev.o)
                0x0000000000002a28                alt_find_dev
 .text          0x0000000000002aa0       0xac ../simple_nios_lab_bsp/\libhal_bsp.a(alt_find_file.o)
                0x0000000000002aa0                alt_find_file
 .text          0x0000000000002b4c       0x88 ../simple_nios_lab_bsp/\libhal_bsp.a(alt_get_fd.o)
                0x0000000000002b4c                alt_get_fd
 .text          0x0000000000002bd4        0x0 d:/intel/quartus/18.0lite/nios2eds/bin/gnu/h-x86_64-mingw32/bin/../lib/gcc/nios2-elf/5.3.0/../../../../../H-x86_64-mingw32/nios2-elf/lib/mno-hw-mul\libsmallc.a(lib_a-exit.o)
 .text.exit     0x0000000000002bd4       0x20 d:/intel/quartus/18.0lite/nios2eds/bin/gnu/h-x86_64-mingw32/bin/../lib/gcc/nios2-elf/5.3.0/../../../../../H-x86_64-mingw32/nios2-elf/lib/mno-hw-mul\libsmallc.a(lib_a-exit.o)
                0x0000000000002bd4                exit
 .text          0x0000000000002bf4        0x0 d:/intel/quartus/18.0lite/nios2eds/bin/gnu/h-x86_64-mingw32/bin/../lib/gcc/nios2-elf/5.3.0/../../../../../H-x86_64-mingw32/nios2-elf/lib/mno-hw-mul\libsmallc.a(lib_a-memcmp.o)
 .text.memcmp   0x0000000000002bf4       0x30 d:/intel/quartus/18.0lite/nios2eds/bin/gnu/h-x86_64-mingw32/bin/../lib/gcc/nios2-elf/5.3.0/../../../../../H-x86_64-mingw32/nios2-elf/lib/mno-hw-mul\libsmallc.a(lib_a-memcmp.o)
                0x0000000000002bf4                memcmp
 .text          0x0000000000002c24        0x0 d:/intel/quartus/18.0lite/nios2eds/bin/gnu/h-x86_64-mingw32/bin/../lib/gcc/nios2-elf/5.3.0/../../../../../H-x86_64-mingw32/nios2-elf/lib/mno-hw-mul\libsmallc.a(lib_a-__call_atexit.o)
 .text.__call_exitprocs
                0x0000000000002c24      0x190 d:/intel/quartus/18.0lite/nios2eds/bin/gnu/h-x86_64-mingw32/bin/../lib/gcc/nios2-elf/5.3.0/../../../../../H-x86_64-mingw32/nios2-elf/lib/mno-hw-mul\libsmallc.a(lib_a-__call_atexit.o)
                0x0000000000002c24                __call_exitprocs
 .text          0x0000000000002db4       0x28 d:/intel/quartus/18.0lite/nios2eds/bin/gnu/h-x86_64-mingw32/bin/../lib/gcc/nios2-elf/5.3.0/mno-hw-mul\libgcc.a(lib2-mul.o)
                0x0000000000002db4                __mulsi3
 .text          0x0000000000002ddc       0x14 ../simple_nios_lab_bsp/\libhal_bsp.a(alt_exit.o)
                0x0000000000002ddc                _exit
 *(.gnu.warning.*)
 *(.fini)
                [!provide]                        PROVIDE (__etext, ABSOLUTE (.))
                [!provide]                        PROVIDE (_etext, ABSOLUTE (.))
                [!provide]                        PROVIDE (etext, ABSOLUTE (.))
 *(.eh_frame_hdr)
                0x0000000000002df0                . = ALIGN (0x4)
                [!provide]                        PROVIDE (__preinit_array_start, ABSOLUTE (.))
 *(.preinit_array)
                [!provide]                        PROVIDE (__preinit_array_end, ABSOLUTE (.))
                [!provide]                        PROVIDE (__init_array_start, ABSOLUTE (.))
 *(.init_array)
                [!provide]                        PROVIDE (__init_array_end, ABSOLUTE (.))
                [!provide]                        PROVIDE (__fini_array_start, ABSOLUTE (.))
 *(.fini_array)
                [!provide]                        PROVIDE (__fini_array_end, ABSOLUTE (.))
 *(.eh_frame)
 *(.gcc_except_table .gcc_except_table.*)
 *(.dynamic)
                [!provide]                        PROVIDE (__CTOR_LIST__, ABSOLUTE (.))
 *(.ctors)
 *(SORT(.ctors.*))
                [!provide]                        PROVIDE (__CTOR_END__, ABSOLUTE (.))
                [!provide]                        PROVIDE (__DTOR_LIST__, ABSOLUTE (.))
 *(.dtors)
 *(SORT(.dtors.*))
                [!provide]                        PROVIDE (__DTOR_END__, ABSOLUTE (.))
 *(.jcr)
                0x0000000000002df0                . = ALIGN (0x4)

.rodata         0x0000000000002df0       0x34
                0x0000000000002df0                PROVIDE (__ram_rodata_start, ABSOLUTE (.))
                0x0000000000002df0                . = ALIGN (0x4)
 *(.rodata .rodata.* .gnu.linkonce.r.*)
 .rodata        0x0000000000002df0       0x14 obj/default/hello_world.o
 .rodata.str1.4
                0x0000000000002e04        0x2 d:/intel/quartus/18.0lite/nios2eds/bin/gnu/h-x86_64-mingw32/bin/../lib/gcc/nios2-elf/5.3.0/../../../../../H-x86_64-mingw32/nios2-elf/lib/mno-hw-mul\libsmallc.a(lib_a-puts.o)
 *fill*         0x0000000000002e06        0x2 
 .rodata.str1.4
                0x0000000000002e08        0xf ../simple_nios_lab_bsp/\libhal_bsp.a(alt_main.o)
 .rodata.str1.4
                0x0000000000002e17        0xf ../simple_nios_lab_bsp/\libhal_bsp.a(alt_sys_init.o)
 *fill*         0x0000000000002e17        0x1 
 .rodata.str1.4
                0x0000000000002e18        0xc ../simple_nios_lab_bsp/\libhal_bsp.a(alt_dev.o)
                                          0xa (size before relaxing)
 *(.rodata1)
                0x0000000000002e24                . = ALIGN (0x4)
                0x0000000000002e24                PROVIDE (__ram_rodata_end, ABSOLUTE (.))
                0x0000000000002df0                PROVIDE (__flash_rodata_start, LOADADDR (.rodata))

.rwdata         0x0000000000002e24      0x2d4 load address 0x00000000000030f8
                0x0000000000002e24                PROVIDE (__ram_rwdata_start, ABSOLUTE (.))
                0x0000000000002e24                . = ALIGN (0x4)
 *(.got.plt)
 *(.got)
 *(.data1)
 *(.data .data.* .gnu.linkonce.d.*)
 .data          0x0000000000002e24        0x0 ../simple_nios_lab_bsp//obj/HAL/src/crt0.o
 .data          0x0000000000002e24        0x0 obj/default/hello_world.o
 .data          0x0000000000002e24        0x0 d:/intel/quartus/18.0lite/nios2eds/bin/gnu/h-x86_64-mingw32/bin/../lib/gcc/nios2-elf/5.3.0/../../../../../H-x86_64-mingw32/nios2-elf/lib/mno-hw-mul\libsmallc.a(lib_a-puts.o)
 .data          0x0000000000002e24        0x0 d:/intel/quartus/18.0lite/nios2eds/bin/gnu/h-x86_64-mingw32/bin/../lib/gcc/nios2-elf/5.3.0/../../../../../H-x86_64-mingw32/nios2-elf/lib/mno-hw-mul\libsmallc.a(lib_a-strlen.o)
 .data          0x0000000000002e24        0x0 d:/intel/quartus/18.0lite/nios2eds/bin/gnu/h-x86_64-mingw32/bin/../lib/gcc/nios2-elf/5.3.0/../../../../../H-x86_64-mingw32/nios2-elf/lib/mno-hw-mul\libsmallc.a(lib_a-fvwrite_small_dev.o)
 .data          0x0000000000002e24        0x0 d:/intel/quartus/18.0lite/nios2eds/bin/gnu/h-x86_64-mingw32/bin/../lib/gcc/nios2-elf/5.3.0/../../../../../H-x86_64-mingw32/nios2-elf/lib/mno-hw-mul\libsmallc.a(lib_a-impure.o)
 .data.impure_data
                0x0000000000002e24       0xe0 d:/intel/quartus/18.0lite/nios2eds/bin/gnu/h-x86_64-mingw32/bin/../lib/gcc/nios2-elf/5.3.0/../../../../../H-x86_64-mingw32/nios2-elf/lib/mno-hw-mul\libsmallc.a(lib_a-impure.o)
 .data          0x0000000000002f04        0x0 d:/intel/quartus/18.0lite/nios2eds/bin/gnu/h-x86_64-mingw32/bin/../lib/gcc/nios2-elf/5.3.0/../../../../../H-x86_64-mingw32/nios2-elf/lib/mno-hw-mul\libsmallc.a(lib_a-writer.o)
 .data          0x0000000000002f04        0x0 d:/intel/quartus/18.0lite/nios2eds/bin/gnu/h-x86_64-mingw32/bin/../lib/gcc/nios2-elf/5.3.0/../../../../../H-x86_64-mingw32/nios2-elf/lib/mno-hw-mul\libsmallc.a(lib_a-int_errno.o)
 .data          0x0000000000002f04        0x0 ../simple_nios_lab_bsp/\libhal_bsp.a(alt_load.o)
 .data          0x0000000000002f04        0x0 ../simple_nios_lab_bsp/\libhal_bsp.a(alt_main.o)
 .data          0x0000000000002f04        0x0 ../simple_nios_lab_bsp/\libhal_bsp.a(alt_write.o)
 .data          0x0000000000002f04       0x2c ../simple_nios_lab_bsp/\libhal_bsp.a(alt_sys_init.o)
 .data          0x0000000000002f30        0x0 ../simple_nios_lab_bsp/\libhal_bsp.a(altera_avalon_jtag_uart_fd.o)
 .data          0x0000000000002f30        0x0 ../simple_nios_lab_bsp/\libhal_bsp.a(altera_avalon_jtag_uart_read.o)
 .data          0x0000000000002f30        0x0 ../simple_nios_lab_bsp/\libhal_bsp.a(altera_avalon_jtag_uart_write.o)
 .data          0x0000000000002f30        0x0 ../simple_nios_lab_bsp/\libhal_bsp.a(alt_close.o)
 .data          0x0000000000002f30        0x0 ../simple_nios_lab_bsp/\libhal_bsp.a(alt_dcache_flush_all.o)
 .data          0x0000000000002f30      0x1a8 ../simple_nios_lab_bsp/\libhal_bsp.a(alt_dev.o)
                0x0000000000002f30                alt_fd_list
                0x00000000000030b0                alt_dev_null
 .data          0x00000000000030d8        0x0 ../simple_nios_lab_bsp/\libhal_bsp.a(alt_dev_llist_insert.o)
 .data          0x00000000000030d8        0x0 ../simple_nios_lab_bsp/\libhal_bsp.a(alt_errno.o)
 .data          0x00000000000030d8        0x0 ../simple_nios_lab_bsp/\libhal_bsp.a(alt_icache_flush_all.o)
 .data          0x00000000000030d8        0x0 ../simple_nios_lab_bsp/\libhal_bsp.a(alt_io_redirect.o)
 .data          0x00000000000030d8        0x0 ../simple_nios_lab_bsp/\libhal_bsp.a(alt_open.o)
 .data          0x00000000000030d8        0x0 ../simple_nios_lab_bsp/\libhal_bsp.a(alt_release_fd.o)
 .data          0x00000000000030d8        0x0 ../simple_nios_lab_bsp/\libhal_bsp.a(altera_nios2_gen2_irq.o)
 .data          0x00000000000030d8        0x0 ../simple_nios_lab_bsp/\libhal_bsp.a(alt_find_dev.o)
 .data          0x00000000000030d8        0x0 ../simple_nios_lab_bsp/\libhal_bsp.a(alt_find_file.o)
 .data          0x00000000000030d8        0x0 ../simple_nios_lab_bsp/\libhal_bsp.a(alt_get_fd.o)
 .data          0x00000000000030d8        0x0 d:/intel/quartus/18.0lite/nios2eds/bin/gnu/h-x86_64-mingw32/bin/../lib/gcc/nios2-elf/5.3.0/../../../../../H-x86_64-mingw32/nios2-elf/lib/mno-hw-mul\libsmallc.a(lib_a-exit.o)
 .data          0x00000000000030d8        0x0 d:/intel/quartus/18.0lite/nios2eds/bin/gnu/h-x86_64-mingw32/bin/../lib/gcc/nios2-elf/5.3.0/../../../../../H-x86_64-mingw32/nios2-elf/lib/mno-hw-mul\libsmallc.a(lib_a-memcmp.o)
 .data          0x00000000000030d8        0x0 d:/intel/quartus/18.0lite/nios2eds/bin/gnu/h-x86_64-mingw32/bin/../lib/gcc/nios2-elf/5.3.0/../../../../../H-x86_64-mingw32/nios2-elf/lib/mno-hw-mul\libsmallc.a(lib_a-__call_atexit.o)
 .data          0x00000000000030d8        0x0 d:/intel/quartus/18.0lite/nios2eds/bin/gnu/h-x86_64-mingw32/bin/../lib/gcc/nios2-elf/5.3.0/mno-hw-mul\libgcc.a(lib2-mul.o)
 .data          0x00000000000030d8        0x0 ../simple_nios_lab_bsp/\libhal_bsp.a(alt_exit.o)
                0x000000000000b0d8                _gp = ABSOLUTE ((. + 0x8000))
                [!provide]                        PROVIDE (gp, _gp)
 *(.rwdata .rwdata.*)
 *(.sdata .sdata.* .gnu.linkonce.s.*)
 .sdata._global_impure_ptr
                0x00000000000030d8        0x4 d:/intel/quartus/18.0lite/nios2eds/bin/gnu/h-x86_64-mingw32/bin/../lib/gcc/nios2-elf/5.3.0/../../../../../H-x86_64-mingw32/nios2-elf/lib/mno-hw-mul\libsmallc.a(lib_a-impure.o)
                0x00000000000030d8                _global_impure_ptr
 .sdata._impure_ptr
                0x00000000000030dc        0x4 d:/intel/quartus/18.0lite/nios2eds/bin/gnu/h-x86_64-mingw32/bin/../lib/gcc/nios2-elf/5.3.0/../../../../../H-x86_64-mingw32/nios2-elf/lib/mno-hw-mul\libsmallc.a(lib_a-impure.o)
                0x00000000000030dc                _impure_ptr
 .sdata         0x00000000000030e0       0x14 ../simple_nios_lab_bsp/\libhal_bsp.a(alt_dev.o)
                0x00000000000030e0                alt_max_fd
                0x00000000000030e4                alt_dev_list
                0x00000000000030ec                alt_fs_list
 .sdata         0x00000000000030f4        0x4 ../simple_nios_lab_bsp/\libhal_bsp.a(alt_errno.o)
                0x00000000000030f4                alt_errno
 *(.sdata2 .sdata2.* .gnu.linkonce.s2.*)
                0x00000000000030f8                . = ALIGN (0x4)
                0x00000000000030f8                _edata = ABSOLUTE (.)
                [!provide]                        PROVIDE (edata, ABSOLUTE (.))
                0x00000000000030f8                PROVIDE (__ram_rwdata_end, ABSOLUTE (.))
                0x00000000000030f8                PROVIDE (__flash_rwdata_start, LOADADDR (.rwdata))

.bss            0x00000000000033cc       0x10
                0x00000000000033cc                __bss_start = ABSOLUTE (.)
                [!provide]                        PROVIDE (__sbss_start, ABSOLUTE (.))
                [!provide]                        PROVIDE (___sbss_start, ABSOLUTE (.))
 *(.dynsbss)
 *(.sbss .sbss.* .gnu.linkonce.sb.*)
 .sbss          0x00000000000033cc        0x4 d:/intel/quartus/18.0lite/nios2eds/bin/gnu/h-x86_64-mingw32/bin/../lib/gcc/nios2-elf/5.3.0/../../../../../H-x86_64-mingw32/nios2-elf/lib/mno-hw-mul\libsmallc.a(lib_a-int_errno.o)
                0x00000000000033cc                errno
 .sbss          0x00000000000033d0        0xc ../simple_nios_lab_bsp/\libhal_bsp.a(alt_main.o)
                0x00000000000033d0                alt_envp
                0x00000000000033d4                alt_argv
                0x00000000000033d8                alt_argc
 *(.sbss2 .sbss2.* .gnu.linkonce.sb2.*)
 *(.scommon)
                [!provide]                        PROVIDE (__sbss_end, ABSOLUTE (.))
                [!provide]                        PROVIDE (___sbss_end, ABSOLUTE (.))
 *(.dynbss)
 *(.bss .bss.* .gnu.linkonce.b.*)
 .bss           0x00000000000033dc        0x0 ../simple_nios_lab_bsp//obj/HAL/src/crt0.o
 .bss           0x00000000000033dc        0x0 obj/default/hello_world.o
 .bss           0x00000000000033dc        0x0 d:/intel/quartus/18.0lite/nios2eds/bin/gnu/h-x86_64-mingw32/bin/../lib/gcc/nios2-elf/5.3.0/../../../../../H-x86_64-mingw32/nios2-elf/lib/mno-hw-mul\libsmallc.a(lib_a-puts.o)
 .bss           0x00000000000033dc        0x0 d:/intel/quartus/18.0lite/nios2eds/bin/gnu/h-x86_64-mingw32/bin/../lib/gcc/nios2-elf/5.3.0/../../../../../H-x86_64-mingw32/nios2-elf/lib/mno-hw-mul\libsmallc.a(lib_a-strlen.o)
 .bss           0x00000000000033dc        0x0 d:/intel/quartus/18.0lite/nios2eds/bin/gnu/h-x86_64-mingw32/bin/../lib/gcc/nios2-elf/5.3.0/../../../../../H-x86_64-mingw32/nios2-elf/lib/mno-hw-mul\libsmallc.a(lib_a-fvwrite_small_dev.o)
 .bss           0x00000000000033dc        0x0 d:/intel/quartus/18.0lite/nios2eds/bin/gnu/h-x86_64-mingw32/bin/../lib/gcc/nios2-elf/5.3.0/../../../../../H-x86_64-mingw32/nios2-elf/lib/mno-hw-mul\libsmallc.a(lib_a-impure.o)
 .bss           0x00000000000033dc        0x0 d:/intel/quartus/18.0lite/nios2eds/bin/gnu/h-x86_64-mingw32/bin/../lib/gcc/nios2-elf/5.3.0/../../../../../H-x86_64-mingw32/nios2-elf/lib/mno-hw-mul\libsmallc.a(lib_a-writer.o)
 .bss           0x00000000000033dc        0x0 d:/intel/quartus/18.0lite/nios2eds/bin/gnu/h-x86_64-mingw32/bin/../lib/gcc/nios2-elf/5.3.0/../../../../../H-x86_64-mingw32/nios2-elf/lib/mno-hw-mul\libsmallc.a(lib_a-int_errno.o)
 .bss           0x00000000000033dc        0x0 ../simple_nios_lab_bsp/\libhal_bsp.a(alt_load.o)
 .bss           0x00000000000033dc        0x0 ../simple_nios_lab_bsp/\libhal_bsp.a(alt_main.o)
 .bss           0x00000000000033dc        0x0 ../simple_nios_lab_bsp/\libhal_bsp.a(alt_write.o)
 .bss           0x00000000000033dc        0x0 ../simple_nios_lab_bsp/\libhal_bsp.a(alt_sys_init.o)
 .bss           0x00000000000033dc        0x0 ../simple_nios_lab_bsp/\libhal_bsp.a(altera_avalon_jtag_uart_fd.o)
 .bss           0x00000000000033dc        0x0 ../simple_nios_lab_bsp/\libhal_bsp.a(altera_avalon_jtag_uart_read.o)
 .bss           0x00000000000033dc        0x0 ../simple_nios_lab_bsp/\libhal_bsp.a(altera_avalon_jtag_uart_write.o)
 .bss           0x00000000000033dc        0x0 ../simple_nios_lab_bsp/\libhal_bsp.a(alt_close.o)
 .bss           0x00000000000033dc        0x0 ../simple_nios_lab_bsp/\libhal_bsp.a(alt_dcache_flush_all.o)
 .bss           0x00000000000033dc        0x0 ../simple_nios_lab_bsp/\libhal_bsp.a(alt_dev.o)
 .bss           0x00000000000033dc        0x0 ../simple_nios_lab_bsp/\libhal_bsp.a(alt_dev_llist_insert.o)
 .bss           0x00000000000033dc        0x0 ../simple_nios_lab_bsp/\libhal_bsp.a(alt_errno.o)
 .bss           0x00000000000033dc        0x0 ../simple_nios_lab_bsp/\libhal_bsp.a(alt_icache_flush_all.o)
 .bss           0x00000000000033dc        0x0 ../simple_nios_lab_bsp/\libhal_bsp.a(alt_io_redirect.o)
 .bss           0x00000000000033dc        0x0 ../simple_nios_lab_bsp/\libhal_bsp.a(alt_open.o)
 .bss           0x00000000000033dc        0x0 ../simple_nios_lab_bsp/\libhal_bsp.a(alt_release_fd.o)
 .bss           0x00000000000033dc        0x0 ../simple_nios_lab_bsp/\libhal_bsp.a(altera_nios2_gen2_irq.o)
 .bss           0x00000000000033dc        0x0 ../simple_nios_lab_bsp/\libhal_bsp.a(alt_find_dev.o)
 .bss           0x00000000000033dc        0x0 ../simple_nios_lab_bsp/\libhal_bsp.a(alt_find_file.o)
 .bss           0x00000000000033dc        0x0 ../simple_nios_lab_bsp/\libhal_bsp.a(alt_get_fd.o)
 .bss           0x00000000000033dc        0x0 d:/intel/quartus/18.0lite/nios2eds/bin/gnu/h-x86_64-mingw32/bin/../lib/gcc/nios2-elf/5.3.0/../../../../../H-x86_64-mingw32/nios2-elf/lib/mno-hw-mul\libsmallc.a(lib_a-exit.o)
 .bss           0x00000000000033dc        0x0 d:/intel/quartus/18.0lite/nios2eds/bin/gnu/h-x86_64-mingw32/bin/../lib/gcc/nios2-elf/5.3.0/../../../../../H-x86_64-mingw32/nios2-elf/lib/mno-hw-mul\libsmallc.a(lib_a-memcmp.o)
 .bss           0x00000000000033dc        0x0 d:/intel/quartus/18.0lite/nios2eds/bin/gnu/h-x86_64-mingw32/bin/../lib/gcc/nios2-elf/5.3.0/../../../../../H-x86_64-mingw32/nios2-elf/lib/mno-hw-mul\libsmallc.a(lib_a-__call_atexit.o)
 .bss           0x00000000000033dc        0x0 d:/intel/quartus/18.0lite/nios2eds/bin/gnu/h-x86_64-mingw32/bin/../lib/gcc/nios2-elf/5.3.0/mno-hw-mul\libgcc.a(lib2-mul.o)
 .bss           0x00000000000033dc        0x0 ../simple_nios_lab_bsp/\libhal_bsp.a(alt_exit.o)
 *(COMMON)
                0x00000000000033dc                . = ALIGN (0x4)
                0x00000000000033dc                __bss_end = ABSOLUTE (.)

.onchip         0x00000000000033dc        0x0
                [!provide]                        PROVIDE (_alt_partition_onchip_start, ABSOLUTE (.))
 *(.onchip .onchip. onchip.*)
                0x00000000000033dc                . = ALIGN (0x4)
                [!provide]                        PROVIDE (_alt_partition_onchip_end, ABSOLUTE (.))
                0x00000000000033dc                _end = ABSOLUTE (.)
                0x00000000000033dc                end = ABSOLUTE (.)
                0x00000000000033dc                __alt_stack_base = ABSOLUTE (.)
                [!provide]                        PROVIDE (_alt_partition_onchip_load_addr, LOADADDR (.onchip))

.stab
 *(.stab)

.stabstr
 *(.stabstr)

.stab.excl
 *(.stab.excl)

.stab.exclstr
 *(.stab.exclstr)

.stab.index
 *(.stab.index)

.stab.indexstr
 *(.stab.indexstr)

.comment        0x0000000000000000       0x23
 *(.comment)
 .comment       0x0000000000000000       0x23 obj/default/hello_world.o
                                         0x24 (size before relaxing)
 .comment       0x0000000000000023       0x24 d:/intel/quartus/18.0lite/nios2eds/bin/gnu/h-x86_64-mingw32/bin/../lib/gcc/nios2-elf/5.3.0/../../../../../H-x86_64-mingw32/nios2-elf/lib/mno-hw-mul\libsmallc.a(lib_a-puts.o)
 .comment       0x0000000000000023       0x24 d:/intel/quartus/18.0lite/nios2eds/bin/gnu/h-x86_64-mingw32/bin/../lib/gcc/nios2-elf/5.3.0/../../../../../H-x86_64-mingw32/nios2-elf/lib/mno-hw-mul\libsmallc.a(lib_a-strlen.o)
 .comment       0x0000000000000023       0x24 d:/intel/quartus/18.0lite/nios2eds/bin/gnu/h-x86_64-mingw32/bin/../lib/gcc/nios2-elf/5.3.0/../../../../../H-x86_64-mingw32/nios2-elf/lib/mno-hw-mul\libsmallc.a(lib_a-fvwrite_small_dev.o)
 .comment       0x0000000000000023       0x24 d:/intel/quartus/18.0lite/nios2eds/bin/gnu/h-x86_64-mingw32/bin/../lib/gcc/nios2-elf/5.3.0/../../../../../H-x86_64-mingw32/nios2-elf/lib/mno-hw-mul\libsmallc.a(lib_a-impure.o)
 .comment       0x0000000000000023       0x24 d:/intel/quartus/18.0lite/nios2eds/bin/gnu/h-x86_64-mingw32/bin/../lib/gcc/nios2-elf/5.3.0/../../../../../H-x86_64-mingw32/nios2-elf/lib/mno-hw-mul\libsmallc.a(lib_a-writer.o)
 .comment       0x0000000000000023       0x24 d:/intel/quartus/18.0lite/nios2eds/bin/gnu/h-x86_64-mingw32/bin/../lib/gcc/nios2-elf/5.3.0/../../../../../H-x86_64-mingw32/nios2-elf/lib/mno-hw-mul\libsmallc.a(lib_a-int_errno.o)
 .comment       0x0000000000000023       0x24 ../simple_nios_lab_bsp/\libhal_bsp.a(alt_load.o)
 .comment       0x0000000000000023       0x24 ../simple_nios_lab_bsp/\libhal_bsp.a(alt_main.o)
 .comment       0x0000000000000023       0x24 ../simple_nios_lab_bsp/\libhal_bsp.a(alt_write.o)
 .comment       0x0000000000000023       0x24 ../simple_nios_lab_bsp/\libhal_bsp.a(alt_sys_init.o)
 .comment       0x0000000000000023       0x24 ../simple_nios_lab_bsp/\libhal_bsp.a(altera_avalon_jtag_uart_fd.o)
 .comment       0x0000000000000023       0x24 ../simple_nios_lab_bsp/\libhal_bsp.a(altera_avalon_jtag_uart_read.o)
 .comment       0x0000000000000023       0x24 ../simple_nios_lab_bsp/\libhal_bsp.a(altera_avalon_jtag_uart_write.o)
 .comment       0x0000000000000023       0x24 ../simple_nios_lab_bsp/\libhal_bsp.a(alt_close.o)
 .comment       0x0000000000000023       0x24 ../simple_nios_lab_bsp/\libhal_bsp.a(alt_dcache_flush_all.o)
 .comment       0x0000000000000023       0x24 ../simple_nios_lab_bsp/\libhal_bsp.a(alt_dev.o)
 .comment       0x0000000000000023       0x24 ../simple_nios_lab_bsp/\libhal_bsp.a(alt_dev_llist_insert.o)
 .comment       0x0000000000000023       0x24 ../simple_nios_lab_bsp/\libhal_bsp.a(alt_errno.o)
 .comment       0x0000000000000023       0x24 ../simple_nios_lab_bsp/\libhal_bsp.a(alt_icache_flush_all.o)
 .comment       0x0000000000000023       0x24 ../simple_nios_lab_bsp/\libhal_bsp.a(alt_io_redirect.o)
 .comment       0x0000000000000023       0x24 ../simple_nios_lab_bsp/\libhal_bsp.a(alt_open.o)
 .comment       0x0000000000000023       0x24 ../simple_nios_lab_bsp/\libhal_bsp.a(alt_release_fd.o)
 .comment       0x0000000000000023       0x24 ../simple_nios_lab_bsp/\libhal_bsp.a(altera_nios2_gen2_irq.o)
 .comment       0x0000000000000023       0x24 ../simple_nios_lab_bsp/\libhal_bsp.a(alt_find_dev.o)
 .comment       0x0000000000000023       0x24 ../simple_nios_lab_bsp/\libhal_bsp.a(alt_find_file.o)
 .comment       0x0000000000000023       0x24 ../simple_nios_lab_bsp/\libhal_bsp.a(alt_get_fd.o)
 .comment       0x0000000000000023       0x24 d:/intel/quartus/18.0lite/nios2eds/bin/gnu/h-x86_64-mingw32/bin/../lib/gcc/nios2-elf/5.3.0/../../../../../H-x86_64-mingw32/nios2-elf/lib/mno-hw-mul\libsmallc.a(lib_a-exit.o)
 .comment       0x0000000000000023       0x24 d:/intel/quartus/18.0lite/nios2eds/bin/gnu/h-x86_64-mingw32/bin/../lib/gcc/nios2-elf/5.3.0/../../../../../H-x86_64-mingw32/nios2-elf/lib/mno-hw-mul\libsmallc.a(lib_a-memcmp.o)
 .comment       0x0000000000000023       0x24 d:/intel/quartus/18.0lite/nios2eds/bin/gnu/h-x86_64-mingw32/bin/../lib/gcc/nios2-elf/5.3.0/../../../../../H-x86_64-mingw32/nios2-elf/lib/mno-hw-mul\libsmallc.a(lib_a-__call_atexit.o)
 .comment       0x0000000000000023       0x24 d:/intel/quartus/18.0lite/nios2eds/bin/gnu/h-x86_64-mingw32/bin/../lib/gcc/nios2-elf/5.3.0/mno-hw-mul\libgcc.a(lib2-mul.o)
 .comment       0x0000000000000023       0x24 ../simple_nios_lab_bsp/\libhal_bsp.a(alt_exit.o)

.debug
 *(.debug)

.line
 *(.line)

.debug_srcinfo
 *(.debug_srcinfo)

.debug_sfnames
 *(.debug_sfnames)

.debug_aranges  0x0000000000000000      0x418
 *(.debug_aranges)
 .debug_aranges
                0x0000000000000000       0x28 ../simple_nios_lab_bsp//obj/HAL/src/crt0.o
 .debug_aranges
                0x0000000000000028       0x20 obj/default/hello_world.o
 .debug_aranges
                0x0000000000000048       0x28 d:/intel/quartus/18.0lite/nios2eds/bin/gnu/h-x86_64-mingw32/bin/../lib/gcc/nios2-elf/5.3.0/../../../../../H-x86_64-mingw32/nios2-elf/lib/mno-hw-mul\libsmallc.a(lib_a-puts.o)
 .debug_aranges
                0x0000000000000070       0x20 d:/intel/quartus/18.0lite/nios2eds/bin/gnu/h-x86_64-mingw32/bin/../lib/gcc/nios2-elf/5.3.0/../../../../../H-x86_64-mingw32/nios2-elf/lib/mno-hw-mul\libsmallc.a(lib_a-strlen.o)
 .debug_aranges
                0x0000000000000090       0x20 d:/intel/quartus/18.0lite/nios2eds/bin/gnu/h-x86_64-mingw32/bin/../lib/gcc/nios2-elf/5.3.0/../../../../../H-x86_64-mingw32/nios2-elf/lib/mno-hw-mul\libsmallc.a(lib_a-fvwrite_small_dev.o)
 .debug_aranges
                0x00000000000000b0       0x18 d:/intel/quartus/18.0lite/nios2eds/bin/gnu/h-x86_64-mingw32/bin/../lib/gcc/nios2-elf/5.3.0/../../../../../H-x86_64-mingw32/nios2-elf/lib/mno-hw-mul\libsmallc.a(lib_a-impure.o)
 .debug_aranges
                0x00000000000000c8       0x20 d:/intel/quartus/18.0lite/nios2eds/bin/gnu/h-x86_64-mingw32/bin/../lib/gcc/nios2-elf/5.3.0/../../../../../H-x86_64-mingw32/nios2-elf/lib/mno-hw-mul\libsmallc.a(lib_a-writer.o)
 .debug_aranges
                0x00000000000000e8       0x18 d:/intel/quartus/18.0lite/nios2eds/bin/gnu/h-x86_64-mingw32/bin/../lib/gcc/nios2-elf/5.3.0/../../../../../H-x86_64-mingw32/nios2-elf/lib/mno-hw-mul\libsmallc.a(lib_a-int_errno.o)
 .debug_aranges
                0x0000000000000100       0x20 ../simple_nios_lab_bsp/\libhal_bsp.a(alt_load.o)
 .debug_aranges
                0x0000000000000120       0x20 ../simple_nios_lab_bsp/\libhal_bsp.a(alt_main.o)
 .debug_aranges
                0x0000000000000140       0x20 ../simple_nios_lab_bsp/\libhal_bsp.a(alt_write.o)
 .debug_aranges
                0x0000000000000160       0x20 ../simple_nios_lab_bsp/\libhal_bsp.a(alt_sys_init.o)
 .debug_aranges
                0x0000000000000180       0x20 ../simple_nios_lab_bsp/\libhal_bsp.a(altera_avalon_jtag_uart_fd.o)
 .debug_aranges
                0x00000000000001a0       0x20 ../simple_nios_lab_bsp/\libhal_bsp.a(altera_avalon_jtag_uart_read.o)
 .debug_aranges
                0x00000000000001c0       0x20 ../simple_nios_lab_bsp/\libhal_bsp.a(altera_avalon_jtag_uart_write.o)
 .debug_aranges
                0x00000000000001e0       0x20 ../simple_nios_lab_bsp/\libhal_bsp.a(alt_close.o)
 .debug_aranges
                0x0000000000000200       0x20 ../simple_nios_lab_bsp/\libhal_bsp.a(alt_dcache_flush_all.o)
 .debug_aranges
                0x0000000000000220       0x20 ../simple_nios_lab_bsp/\libhal_bsp.a(alt_dev.o)
 .debug_aranges
                0x0000000000000240       0x20 ../simple_nios_lab_bsp/\libhal_bsp.a(alt_dev_llist_insert.o)
 .debug_aranges
                0x0000000000000260       0x18 ../simple_nios_lab_bsp/\libhal_bsp.a(alt_errno.o)
 .debug_aranges
                0x0000000000000278       0x20 ../simple_nios_lab_bsp/\libhal_bsp.a(alt_icache_flush_all.o)
 .debug_aranges
                0x0000000000000298       0x20 ../simple_nios_lab_bsp/\libhal_bsp.a(alt_io_redirect.o)
 .debug_aranges
                0x00000000000002b8       0x20 ../simple_nios_lab_bsp/\libhal_bsp.a(alt_open.o)
 .debug_aranges
                0x00000000000002d8       0x20 ../simple_nios_lab_bsp/\libhal_bsp.a(alt_release_fd.o)
 .debug_aranges
                0x00000000000002f8       0x20 ../simple_nios_lab_bsp/\libhal_bsp.a(altera_nios2_gen2_irq.o)
 .debug_aranges
                0x0000000000000318       0x20 ../simple_nios_lab_bsp/\libhal_bsp.a(alt_find_dev.o)
 .debug_aranges
                0x0000000000000338       0x20 ../simple_nios_lab_bsp/\libhal_bsp.a(alt_find_file.o)
 .debug_aranges
                0x0000000000000358       0x20 ../simple_nios_lab_bsp/\libhal_bsp.a(alt_get_fd.o)
 .debug_aranges
                0x0000000000000378       0x20 d:/intel/quartus/18.0lite/nios2eds/bin/gnu/h-x86_64-mingw32/bin/../lib/gcc/nios2-elf/5.3.0/../../../../../H-x86_64-mingw32/nios2-elf/lib/mno-hw-mul\libsmallc.a(lib_a-exit.o)
 .debug_aranges
                0x0000000000000398       0x20 d:/intel/quartus/18.0lite/nios2eds/bin/gnu/h-x86_64-mingw32/bin/../lib/gcc/nios2-elf/5.3.0/../../../../../H-x86_64-mingw32/nios2-elf/lib/mno-hw-mul\libsmallc.a(lib_a-memcmp.o)
 .debug_aranges
                0x00000000000003b8       0x20 d:/intel/quartus/18.0lite/nios2eds/bin/gnu/h-x86_64-mingw32/bin/../lib/gcc/nios2-elf/5.3.0/../../../../../H-x86_64-mingw32/nios2-elf/lib/mno-hw-mul\libsmallc.a(lib_a-__call_atexit.o)
 .debug_aranges
                0x00000000000003d8       0x20 d:/intel/quartus/18.0lite/nios2eds/bin/gnu/h-x86_64-mingw32/bin/../lib/gcc/nios2-elf/5.3.0/mno-hw-mul\libgcc.a(lib2-mul.o)
 .debug_aranges
                0x00000000000003f8       0x20 ../simple_nios_lab_bsp/\libhal_bsp.a(alt_exit.o)

.debug_pubnames
 *(.debug_pubnames)

.debug_info     0x0000000000000000     0x5af4
 *(.debug_info .gnu.linkonce.wi.*)
 .debug_info    0x0000000000000000       0x6c ../simple_nios_lab_bsp//obj/HAL/src/crt0.o
 .debug_info    0x000000000000006c       0xbe obj/default/hello_world.o
 .debug_info    0x000000000000012a      0x66d d:/intel/quartus/18.0lite/nios2eds/bin/gnu/h-x86_64-mingw32/bin/../lib/gcc/nios2-elf/5.3.0/../../../../../H-x86_64-mingw32/nios2-elf/lib/mno-hw-mul\libsmallc.a(lib_a-puts.o)
 .debug_info    0x0000000000000797       0xc9 d:/intel/quartus/18.0lite/nios2eds/bin/gnu/h-x86_64-mingw32/bin/../lib/gcc/nios2-elf/5.3.0/../../../../../H-x86_64-mingw32/nios2-elf/lib/mno-hw-mul\libsmallc.a(lib_a-strlen.o)
 .debug_info    0x0000000000000860      0x62b d:/intel/quartus/18.0lite/nios2eds/bin/gnu/h-x86_64-mingw32/bin/../lib/gcc/nios2-elf/5.3.0/../../../../../H-x86_64-mingw32/nios2-elf/lib/mno-hw-mul\libsmallc.a(lib_a-fvwrite_small_dev.o)
 .debug_info    0x0000000000000e8b      0x5a9 d:/intel/quartus/18.0lite/nios2eds/bin/gnu/h-x86_64-mingw32/bin/../lib/gcc/nios2-elf/5.3.0/../../../../../H-x86_64-mingw32/nios2-elf/lib/mno-hw-mul\libsmallc.a(lib_a-impure.o)
 .debug_info    0x0000000000001434      0x630 d:/intel/quartus/18.0lite/nios2eds/bin/gnu/h-x86_64-mingw32/bin/../lib/gcc/nios2-elf/5.3.0/../../../../../H-x86_64-mingw32/nios2-elf/lib/mno-hw-mul\libsmallc.a(lib_a-writer.o)
 .debug_info    0x0000000000001a64       0x8a d:/intel/quartus/18.0lite/nios2eds/bin/gnu/h-x86_64-mingw32/bin/../lib/gcc/nios2-elf/5.3.0/../../../../../H-x86_64-mingw32/nios2-elf/lib/mno-hw-mul\libsmallc.a(lib_a-int_errno.o)
 .debug_info    0x0000000000001aee      0x1c9 ../simple_nios_lab_bsp/\libhal_bsp.a(alt_load.o)
 .debug_info    0x0000000000001cb7      0x1e5 ../simple_nios_lab_bsp/\libhal_bsp.a(alt_main.o)
 .debug_info    0x0000000000001e9c      0x4f8 ../simple_nios_lab_bsp/\libhal_bsp.a(alt_write.o)
 .debug_info    0x0000000000002394      0x41c ../simple_nios_lab_bsp/\libhal_bsp.a(alt_sys_init.o)
 .debug_info    0x00000000000027b0      0x3f5 ../simple_nios_lab_bsp/\libhal_bsp.a(altera_avalon_jtag_uart_fd.o)
 .debug_info    0x0000000000002ba5      0x1b4 ../simple_nios_lab_bsp/\libhal_bsp.a(altera_avalon_jtag_uart_read.o)
 .debug_info    0x0000000000002d59      0x197 ../simple_nios_lab_bsp/\libhal_bsp.a(altera_avalon_jtag_uart_write.o)
 .debug_info    0x0000000000002ef0      0x368 ../simple_nios_lab_bsp/\libhal_bsp.a(alt_close.o)
 .debug_info    0x0000000000003258       0x92 ../simple_nios_lab_bsp/\libhal_bsp.a(alt_dcache_flush_all.o)
 .debug_info    0x00000000000032ea      0x499 ../simple_nios_lab_bsp/\libhal_bsp.a(alt_dev.o)
 .debug_info    0x0000000000003783      0x1b7 ../simple_nios_lab_bsp/\libhal_bsp.a(alt_dev_llist_insert.o)
 .debug_info    0x000000000000393a       0xa6 ../simple_nios_lab_bsp/\libhal_bsp.a(alt_errno.o)
 .debug_info    0x00000000000039e0       0x92 ../simple_nios_lab_bsp/\libhal_bsp.a(alt_icache_flush_all.o)
 .debug_info    0x0000000000003a72      0x567 ../simple_nios_lab_bsp/\libhal_bsp.a(alt_io_redirect.o)
 .debug_info    0x0000000000003fd9      0x48e ../simple_nios_lab_bsp/\libhal_bsp.a(alt_open.o)
 .debug_info    0x0000000000004467      0x2b1 ../simple_nios_lab_bsp/\libhal_bsp.a(alt_release_fd.o)
 .debug_info    0x0000000000004718       0x92 ../simple_nios_lab_bsp/\libhal_bsp.a(altera_nios2_gen2_irq.o)
 .debug_info    0x00000000000047aa      0x32d ../simple_nios_lab_bsp/\libhal_bsp.a(alt_find_dev.o)
 .debug_info    0x0000000000004ad7      0x318 ../simple_nios_lab_bsp/\libhal_bsp.a(alt_find_file.o)
 .debug_info    0x0000000000004def      0x313 ../simple_nios_lab_bsp/\libhal_bsp.a(alt_get_fd.o)
 .debug_info    0x0000000000005102       0xe5 d:/intel/quartus/18.0lite/nios2eds/bin/gnu/h-x86_64-mingw32/bin/../lib/gcc/nios2-elf/5.3.0/../../../../../H-x86_64-mingw32/nios2-elf/lib/mno-hw-mul\libsmallc.a(lib_a-exit.o)
 .debug_info    0x00000000000051e7       0xf4 d:/intel/quartus/18.0lite/nios2eds/bin/gnu/h-x86_64-mingw32/bin/../lib/gcc/nios2-elf/5.3.0/../../../../../H-x86_64-mingw32/nios2-elf/lib/mno-hw-mul\libsmallc.a(lib_a-memcmp.o)
 .debug_info    0x00000000000052db      0x67b d:/intel/quartus/18.0lite/nios2eds/bin/gnu/h-x86_64-mingw32/bin/../lib/gcc/nios2-elf/5.3.0/../../../../../H-x86_64-mingw32/nios2-elf/lib/mno-hw-mul\libsmallc.a(lib_a-__call_atexit.o)
 .debug_info    0x0000000000005956       0xb4 d:/intel/quartus/18.0lite/nios2eds/bin/gnu/h-x86_64-mingw32/bin/../lib/gcc/nios2-elf/5.3.0/mno-hw-mul\libgcc.a(lib2-mul.o)
 .debug_info    0x0000000000005a0a       0xea ../simple_nios_lab_bsp/\libhal_bsp.a(alt_exit.o)

.debug_abbrev   0x0000000000000000     0x1f70
 *(.debug_abbrev)
 .debug_abbrev  0x0000000000000000       0x12 ../simple_nios_lab_bsp//obj/HAL/src/crt0.o
 .debug_abbrev  0x0000000000000012       0x5e obj/default/hello_world.o
 .debug_abbrev  0x0000000000000070      0x1d6 d:/intel/quartus/18.0lite/nios2eds/bin/gnu/h-x86_64-mingw32/bin/../lib/gcc/nios2-elf/5.3.0/../../../../../H-x86_64-mingw32/nios2-elf/lib/mno-hw-mul\libsmallc.a(lib_a-puts.o)
 .debug_abbrev  0x0000000000000246       0x7f d:/intel/quartus/18.0lite/nios2eds/bin/gnu/h-x86_64-mingw32/bin/../lib/gcc/nios2-elf/5.3.0/../../../../../H-x86_64-mingw32/nios2-elf/lib/mno-hw-mul\libsmallc.a(lib_a-strlen.o)
 .debug_abbrev  0x00000000000002c5      0x1bc d:/intel/quartus/18.0lite/nios2eds/bin/gnu/h-x86_64-mingw32/bin/../lib/gcc/nios2-elf/5.3.0/../../../../../H-x86_64-mingw32/nios2-elf/lib/mno-hw-mul\libsmallc.a(lib_a-fvwrite_small_dev.o)
 .debug_abbrev  0x0000000000000481      0x14a d:/intel/quartus/18.0lite/nios2eds/bin/gnu/h-x86_64-mingw32/bin/../lib/gcc/nios2-elf/5.3.0/../../../../../H-x86_64-mingw32/nios2-elf/lib/mno-hw-mul\libsmallc.a(lib_a-impure.o)
 .debug_abbrev  0x00000000000005cb      0x1a6 d:/intel/quartus/18.0lite/nios2eds/bin/gnu/h-x86_64-mingw32/bin/../lib/gcc/nios2-elf/5.3.0/../../../../../H-x86_64-mingw32/nios2-elf/lib/mno-hw-mul\libsmallc.a(lib_a-writer.o)
 .debug_abbrev  0x0000000000000771       0x37 d:/intel/quartus/18.0lite/nios2eds/bin/gnu/h-x86_64-mingw32/bin/../lib/gcc/nios2-elf/5.3.0/../../../../../H-x86_64-mingw32/nios2-elf/lib/mno-hw-mul\libsmallc.a(lib_a-int_errno.o)
 .debug_abbrev  0x00000000000007a8       0xe9 ../simple_nios_lab_bsp/\libhal_bsp.a(alt_load.o)
 .debug_abbrev  0x0000000000000891       0xfd ../simple_nios_lab_bsp/\libhal_bsp.a(alt_main.o)
 .debug_abbrev  0x000000000000098e      0x150 ../simple_nios_lab_bsp/\libhal_bsp.a(alt_write.o)
 .debug_abbrev  0x0000000000000ade      0x194 ../simple_nios_lab_bsp/\libhal_bsp.a(alt_sys_init.o)
 .debug_abbrev  0x0000000000000c72      0x122 ../simple_nios_lab_bsp/\libhal_bsp.a(altera_avalon_jtag_uart_fd.o)
 .debug_abbrev  0x0000000000000d94      0x102 ../simple_nios_lab_bsp/\libhal_bsp.a(altera_avalon_jtag_uart_read.o)
 .debug_abbrev  0x0000000000000e96       0xd5 ../simple_nios_lab_bsp/\libhal_bsp.a(altera_avalon_jtag_uart_write.o)
 .debug_abbrev  0x0000000000000f6b      0x15c ../simple_nios_lab_bsp/\libhal_bsp.a(alt_close.o)
 .debug_abbrev  0x00000000000010c7       0x42 ../simple_nios_lab_bsp/\libhal_bsp.a(alt_dcache_flush_all.o)
 .debug_abbrev  0x0000000000001109       0xd9 ../simple_nios_lab_bsp/\libhal_bsp.a(alt_dev.o)
 .debug_abbrev  0x00000000000011e2      0x11e ../simple_nios_lab_bsp/\libhal_bsp.a(alt_dev_llist_insert.o)
 .debug_abbrev  0x0000000000001300       0x5a ../simple_nios_lab_bsp/\libhal_bsp.a(alt_errno.o)
 .debug_abbrev  0x000000000000135a       0x42 ../simple_nios_lab_bsp/\libhal_bsp.a(alt_icache_flush_all.o)
 .debug_abbrev  0x000000000000139c      0x189 ../simple_nios_lab_bsp/\libhal_bsp.a(alt_io_redirect.o)
 .debug_abbrev  0x0000000000001525      0x1be ../simple_nios_lab_bsp/\libhal_bsp.a(alt_open.o)
 .debug_abbrev  0x00000000000016e3       0xde ../simple_nios_lab_bsp/\libhal_bsp.a(alt_release_fd.o)
 .debug_abbrev  0x00000000000017c1       0x42 ../simple_nios_lab_bsp/\libhal_bsp.a(altera_nios2_gen2_irq.o)
 .debug_abbrev  0x0000000000001803      0x125 ../simple_nios_lab_bsp/\libhal_bsp.a(alt_find_dev.o)
 .debug_abbrev  0x0000000000001928      0x123 ../simple_nios_lab_bsp/\libhal_bsp.a(alt_find_file.o)
 .debug_abbrev  0x0000000000001a4b      0x10d ../simple_nios_lab_bsp/\libhal_bsp.a(alt_get_fd.o)
 .debug_abbrev  0x0000000000001b58       0x8b d:/intel/quartus/18.0lite/nios2eds/bin/gnu/h-x86_64-mingw32/bin/../lib/gcc/nios2-elf/5.3.0/../../../../../H-x86_64-mingw32/nios2-elf/lib/mno-hw-mul\libsmallc.a(lib_a-exit.o)
 .debug_abbrev  0x0000000000001be3       0x7f d:/intel/quartus/18.0lite/nios2eds/bin/gnu/h-x86_64-mingw32/bin/../lib/gcc/nios2-elf/5.3.0/../../../../../H-x86_64-mingw32/nios2-elf/lib/mno-hw-mul\libsmallc.a(lib_a-memcmp.o)
 .debug_abbrev  0x0000000000001c62      0x1f6 d:/intel/quartus/18.0lite/nios2eds/bin/gnu/h-x86_64-mingw32/bin/../lib/gcc/nios2-elf/5.3.0/../../../../../H-x86_64-mingw32/nios2-elf/lib/mno-hw-mul\libsmallc.a(lib_a-__call_atexit.o)
 .debug_abbrev  0x0000000000001e58       0x6f d:/intel/quartus/18.0lite/nios2eds/bin/gnu/h-x86_64-mingw32/bin/../lib/gcc/nios2-elf/5.3.0/mno-hw-mul\libgcc.a(lib2-mul.o)
 .debug_abbrev  0x0000000000001ec7       0xa9 ../simple_nios_lab_bsp/\libhal_bsp.a(alt_exit.o)

.debug_line     0x0000000000000000     0x2290
 *(.debug_line)
 .debug_line    0x0000000000000000       0x66 ../simple_nios_lab_bsp//obj/HAL/src/crt0.o
 .debug_line    0x0000000000000066       0x80 obj/default/hello_world.o
 .debug_line    0x00000000000000e6      0x206 d:/intel/quartus/18.0lite/nios2eds/bin/gnu/h-x86_64-mingw32/bin/../lib/gcc/nios2-elf/5.3.0/../../../../../H-x86_64-mingw32/nios2-elf/lib/mno-hw-mul\libsmallc.a(lib_a-puts.o)
 .debug_line    0x00000000000002ec      0x15c d:/intel/quartus/18.0lite/nios2eds/bin/gnu/h-x86_64-mingw32/bin/../lib/gcc/nios2-elf/5.3.0/../../../../../H-x86_64-mingw32/nios2-elf/lib/mno-hw-mul\libsmallc.a(lib_a-strlen.o)
 .debug_line    0x0000000000000448      0x1f0 d:/intel/quartus/18.0lite/nios2eds/bin/gnu/h-x86_64-mingw32/bin/../lib/gcc/nios2-elf/5.3.0/../../../../../H-x86_64-mingw32/nios2-elf/lib/mno-hw-mul\libsmallc.a(lib_a-fvwrite_small_dev.o)
 .debug_line    0x0000000000000638      0x156 d:/intel/quartus/18.0lite/nios2eds/bin/gnu/h-x86_64-mingw32/bin/../lib/gcc/nios2-elf/5.3.0/../../../../../H-x86_64-mingw32/nios2-elf/lib/mno-hw-mul\libsmallc.a(lib_a-impure.o)
 .debug_line    0x000000000000078e      0x1ed d:/intel/quartus/18.0lite/nios2eds/bin/gnu/h-x86_64-mingw32/bin/../lib/gcc/nios2-elf/5.3.0/../../../../../H-x86_64-mingw32/nios2-elf/lib/mno-hw-mul\libsmallc.a(lib_a-writer.o)
 .debug_line    0x000000000000097b       0x5f d:/intel/quartus/18.0lite/nios2eds/bin/gnu/h-x86_64-mingw32/bin/../lib/gcc/nios2-elf/5.3.0/../../../../../H-x86_64-mingw32/nios2-elf/lib/mno-hw-mul\libsmallc.a(lib_a-int_errno.o)
 .debug_line    0x00000000000009da       0xad ../simple_nios_lab_bsp/\libhal_bsp.a(alt_load.o)
 .debug_line    0x0000000000000a87      0x179 ../simple_nios_lab_bsp/\libhal_bsp.a(alt_main.o)
 .debug_line    0x0000000000000c00      0x1e1 ../simple_nios_lab_bsp/\libhal_bsp.a(alt_write.o)
 .debug_line    0x0000000000000de1      0x143 ../simple_nios_lab_bsp/\libhal_bsp.a(alt_sys_init.o)
 .debug_line    0x0000000000000f24      0x10b ../simple_nios_lab_bsp/\libhal_bsp.a(altera_avalon_jtag_uart_fd.o)
 .debug_line    0x000000000000102f       0xfa ../simple_nios_lab_bsp/\libhal_bsp.a(altera_avalon_jtag_uart_read.o)
 .debug_line    0x0000000000001129       0xef ../simple_nios_lab_bsp/\libhal_bsp.a(altera_avalon_jtag_uart_write.o)
 .debug_line    0x0000000000001218      0x165 ../simple_nios_lab_bsp/\libhal_bsp.a(alt_close.o)
 .debug_line    0x000000000000137d       0x4e ../simple_nios_lab_bsp/\libhal_bsp.a(alt_dcache_flush_all.o)
 .debug_line    0x00000000000013cb       0xf9 ../simple_nios_lab_bsp/\libhal_bsp.a(alt_dev.o)
 .debug_line    0x00000000000014c4       0xe1 ../simple_nios_lab_bsp/\libhal_bsp.a(alt_dev_llist_insert.o)
 .debug_line    0x00000000000015a5       0x51 ../simple_nios_lab_bsp/\libhal_bsp.a(alt_errno.o)
 .debug_line    0x00000000000015f6       0x4e ../simple_nios_lab_bsp/\libhal_bsp.a(alt_icache_flush_all.o)
 .debug_line    0x0000000000001644      0x150 ../simple_nios_lab_bsp/\libhal_bsp.a(alt_io_redirect.o)
 .debug_line    0x0000000000001794      0x123 ../simple_nios_lab_bsp/\libhal_bsp.a(alt_open.o)
 .debug_line    0x00000000000018b7       0xb1 ../simple_nios_lab_bsp/\libhal_bsp.a(alt_release_fd.o)
 .debug_line    0x0000000000001968       0x50 ../simple_nios_lab_bsp/\libhal_bsp.a(altera_nios2_gen2_irq.o)
 .debug_line    0x00000000000019b8      0x112 ../simple_nios_lab_bsp/\libhal_bsp.a(alt_find_dev.o)
 .debug_line    0x0000000000001aca      0x12a ../simple_nios_lab_bsp/\libhal_bsp.a(alt_find_file.o)
 .debug_line    0x0000000000001bf4       0xcd ../simple_nios_lab_bsp/\libhal_bsp.a(alt_get_fd.o)
 .debug_line    0x0000000000001cc1      0x159 d:/intel/quartus/18.0lite/nios2eds/bin/gnu/h-x86_64-mingw32/bin/../lib/gcc/nios2-elf/5.3.0/../../../../../H-x86_64-mingw32/nios2-elf/lib/mno-hw-mul\libsmallc.a(lib_a-exit.o)
 .debug_line    0x0000000000001e1a      0x160 d:/intel/quartus/18.0lite/nios2eds/bin/gnu/h-x86_64-mingw32/bin/../lib/gcc/nios2-elf/5.3.0/../../../../../H-x86_64-mingw32/nios2-elf/lib/mno-hw-mul\libsmallc.a(lib_a-memcmp.o)
 .debug_line    0x0000000000001f7a      0x232 d:/intel/quartus/18.0lite/nios2eds/bin/gnu/h-x86_64-mingw32/bin/../lib/gcc/nios2-elf/5.3.0/../../../../../H-x86_64-mingw32/nios2-elf/lib/mno-hw-mul\libsmallc.a(lib_a-__call_atexit.o)
 .debug_line    0x00000000000021ac       0x80 d:/intel/quartus/18.0lite/nios2eds/bin/gnu/h-x86_64-mingw32/bin/../lib/gcc/nios2-elf/5.3.0/mno-hw-mul\libgcc.a(lib2-mul.o)
 .debug_line    0x000000000000222c       0x64 ../simple_nios_lab_bsp/\libhal_bsp.a(alt_exit.o)

.debug_frame    0x0000000000000000      0x5d8
 *(.debug_frame)
 .debug_frame   0x0000000000000000       0x2c obj/default/hello_world.o
 .debug_frame   0x000000000000002c       0x48 d:/intel/quartus/18.0lite/nios2eds/bin/gnu/h-x86_64-mingw32/bin/../lib/gcc/nios2-elf/5.3.0/../../../../../H-x86_64-mingw32/nios2-elf/lib/mno-hw-mul\libsmallc.a(lib_a-puts.o)
 .debug_frame   0x0000000000000074       0x20 d:/intel/quartus/18.0lite/nios2eds/bin/gnu/h-x86_64-mingw32/bin/../lib/gcc/nios2-elf/5.3.0/../../../../../H-x86_64-mingw32/nios2-elf/lib/mno-hw-mul\libsmallc.a(lib_a-strlen.o)
 .debug_frame   0x0000000000000094       0x58 d:/intel/quartus/18.0lite/nios2eds/bin/gnu/h-x86_64-mingw32/bin/../lib/gcc/nios2-elf/5.3.0/../../../../../H-x86_64-mingw32/nios2-elf/lib/mno-hw-mul\libsmallc.a(lib_a-fvwrite_small_dev.o)
 .debug_frame   0x00000000000000ec       0x38 d:/intel/quartus/18.0lite/nios2eds/bin/gnu/h-x86_64-mingw32/bin/../lib/gcc/nios2-elf/5.3.0/../../../../../H-x86_64-mingw32/nios2-elf/lib/mno-hw-mul\libsmallc.a(lib_a-writer.o)
 .debug_frame   0x0000000000000124       0x2c ../simple_nios_lab_bsp/\libhal_bsp.a(alt_load.o)
 .debug_frame   0x0000000000000150       0x28 ../simple_nios_lab_bsp/\libhal_bsp.a(alt_main.o)
 .debug_frame   0x0000000000000178       0x44 ../simple_nios_lab_bsp/\libhal_bsp.a(alt_write.o)
 .debug_frame   0x00000000000001bc       0x3c ../simple_nios_lab_bsp/\libhal_bsp.a(alt_sys_init.o)
 .debug_frame   0x00000000000001f8       0x30 ../simple_nios_lab_bsp/\libhal_bsp.a(altera_avalon_jtag_uart_fd.o)
 .debug_frame   0x0000000000000228       0x20 ../simple_nios_lab_bsp/\libhal_bsp.a(altera_avalon_jtag_uart_read.o)
 .debug_frame   0x0000000000000248       0x20 ../simple_nios_lab_bsp/\libhal_bsp.a(altera_avalon_jtag_uart_write.o)
 .debug_frame   0x0000000000000268       0x38 ../simple_nios_lab_bsp/\libhal_bsp.a(alt_close.o)
 .debug_frame   0x00000000000002a0       0x20 ../simple_nios_lab_bsp/\libhal_bsp.a(alt_dcache_flush_all.o)
 .debug_frame   0x00000000000002c0       0x20 ../simple_nios_lab_bsp/\libhal_bsp.a(alt_dev.o)
 .debug_frame   0x00000000000002e0       0x2c ../simple_nios_lab_bsp/\libhal_bsp.a(alt_dev_llist_insert.o)
 .debug_frame   0x000000000000030c       0x20 ../simple_nios_lab_bsp/\libhal_bsp.a(alt_icache_flush_all.o)
 .debug_frame   0x000000000000032c       0x74 ../simple_nios_lab_bsp/\libhal_bsp.a(alt_io_redirect.o)
 .debug_frame   0x00000000000003a0       0x48 ../simple_nios_lab_bsp/\libhal_bsp.a(alt_open.o)
 .debug_frame   0x00000000000003e8       0x34 ../simple_nios_lab_bsp/\libhal_bsp.a(alt_release_fd.o)
 .debug_frame   0x000000000000041c       0x20 ../simple_nios_lab_bsp/\libhal_bsp.a(altera_nios2_gen2_irq.o)
 .debug_frame   0x000000000000043c       0x40 ../simple_nios_lab_bsp/\libhal_bsp.a(alt_find_dev.o)
 .debug_frame   0x000000000000047c       0x44 ../simple_nios_lab_bsp/\libhal_bsp.a(alt_find_file.o)
 .debug_frame   0x00000000000004c0       0x3c ../simple_nios_lab_bsp/\libhal_bsp.a(alt_get_fd.o)
 .debug_frame   0x00000000000004fc       0x28 d:/intel/quartus/18.0lite/nios2eds/bin/gnu/h-x86_64-mingw32/bin/../lib/gcc/nios2-elf/5.3.0/../../../../../H-x86_64-mingw32/nios2-elf/lib/mno-hw-mul\libsmallc.a(lib_a-exit.o)
 .debug_frame   0x0000000000000524       0x20 d:/intel/quartus/18.0lite/nios2eds/bin/gnu/h-x86_64-mingw32/bin/../lib/gcc/nios2-elf/5.3.0/../../../../../H-x86_64-mingw32/nios2-elf/lib/mno-hw-mul\libsmallc.a(lib_a-memcmp.o)
 .debug_frame   0x0000000000000544       0x54 d:/intel/quartus/18.0lite/nios2eds/bin/gnu/h-x86_64-mingw32/bin/../lib/gcc/nios2-elf/5.3.0/../../../../../H-x86_64-mingw32/nios2-elf/lib/mno-hw-mul\libsmallc.a(lib_a-__call_atexit.o)
 .debug_frame   0x0000000000000598       0x20 d:/intel/quartus/18.0lite/nios2eds/bin/gnu/h-x86_64-mingw32/bin/../lib/gcc/nios2-elf/5.3.0/mno-hw-mul\libgcc.a(lib2-mul.o)
 .debug_frame   0x00000000000005b8       0x20 ../simple_nios_lab_bsp/\libhal_bsp.a(alt_exit.o)

.debug_str      0x0000000000000000     0x1284
 *(.debug_str)
 .debug_str     0x0000000000000000       0xfd obj/default/hello_world.o
                                        0x141 (size before relaxing)
 .debug_str     0x00000000000000fd      0x3fb d:/intel/quartus/18.0lite/nios2eds/bin/gnu/h-x86_64-mingw32/bin/../lib/gcc/nios2-elf/5.3.0/../../../../../H-x86_64-mingw32/nios2-elf/lib/mno-hw-mul\libsmallc.a(lib_a-puts.o)
                                        0x4cd (size before relaxing)
 .debug_str     0x00000000000004f8       0xd2 d:/intel/quartus/18.0lite/nios2eds/bin/gnu/h-x86_64-mingw32/bin/../lib/gcc/nios2-elf/5.3.0/../../../../../H-x86_64-mingw32/nios2-elf/lib/mno-hw-mul\libsmallc.a(lib_a-strlen.o)
                                        0x1e5 (size before relaxing)
 .debug_str     0x00000000000005ca       0x63 d:/intel/quartus/18.0lite/nios2eds/bin/gnu/h-x86_64-mingw32/bin/../lib/gcc/nios2-elf/5.3.0/../../../../../H-x86_64-mingw32/nios2-elf/lib/mno-hw-mul\libsmallc.a(lib_a-fvwrite_small_dev.o)
                                        0x4d4 (size before relaxing)
 .debug_str     0x000000000000062d       0xef d:/intel/quartus/18.0lite/nios2eds/bin/gnu/h-x86_64-mingw32/bin/../lib/gcc/nios2-elf/5.3.0/../../../../../H-x86_64-mingw32/nios2-elf/lib/mno-hw-mul\libsmallc.a(lib_a-impure.o)
                                        0x4be (size before relaxing)
 .debug_str     0x000000000000071c       0x45 d:/intel/quartus/18.0lite/nios2eds/bin/gnu/h-x86_64-mingw32/bin/../lib/gcc/nios2-elf/5.3.0/../../../../../H-x86_64-mingw32/nios2-elf/lib/mno-hw-mul\libsmallc.a(lib_a-writer.o)
                                        0x4b8 (size before relaxing)
 .debug_str     0x0000000000000761       0x3f d:/intel/quartus/18.0lite/nios2eds/bin/gnu/h-x86_64-mingw32/bin/../lib/gcc/nios2-elf/5.3.0/../../../../../H-x86_64-mingw32/nios2-elf/lib/mno-hw-mul\libsmallc.a(lib_a-int_errno.o)
                                        0x1d8 (size before relaxing)
 .debug_str     0x00000000000007a0      0x19c ../simple_nios_lab_bsp/\libhal_bsp.a(alt_load.o)
                                        0x23a (size before relaxing)
 .debug_str     0x000000000000093c       0xa0 ../simple_nios_lab_bsp/\libhal_bsp.a(alt_main.o)
                                        0x1d5 (size before relaxing)
 .debug_str     0x00000000000009dc      0x159 ../simple_nios_lab_bsp/\libhal_bsp.a(alt_write.o)
                                        0x2f6 (size before relaxing)
 .debug_str     0x0000000000000b35      0x119 ../simple_nios_lab_bsp/\libhal_bsp.a(alt_sys_init.o)
                                        0x300 (size before relaxing)
 .debug_str     0x0000000000000c4e       0xb2 ../simple_nios_lab_bsp/\libhal_bsp.a(altera_avalon_jtag_uart_fd.o)
                                        0x30e (size before relaxing)
 .debug_str     0x0000000000000d00       0x2b ../simple_nios_lab_bsp/\libhal_bsp.a(altera_avalon_jtag_uart_read.o)
                                        0x21d (size before relaxing)
 .debug_str     0x0000000000000d2b       0x2c ../simple_nios_lab_bsp/\libhal_bsp.a(altera_avalon_jtag_uart_write.o)
                                        0x213 (size before relaxing)
 .debug_str     0x0000000000000d57       0x2a ../simple_nios_lab_bsp/\libhal_bsp.a(alt_close.o)
                                        0x218 (size before relaxing)
 .debug_str     0x0000000000000d81       0x1f ../simple_nios_lab_bsp/\libhal_bsp.a(alt_dcache_flush_all.o)
                                        0x153 (size before relaxing)
 .debug_str     0x0000000000000da0       0x50 ../simple_nios_lab_bsp/\libhal_bsp.a(alt_dev.o)
                                        0x303 (size before relaxing)
 .debug_str     0x0000000000000df0       0x36 ../simple_nios_lab_bsp/\libhal_bsp.a(alt_dev_llist_insert.o)
                                        0x1ca (size before relaxing)
 .debug_str     0x0000000000000e26       0x14 ../simple_nios_lab_bsp/\libhal_bsp.a(alt_errno.o)
                                        0x143 (size before relaxing)
 .debug_str     0x0000000000000e3a       0x1f ../simple_nios_lab_bsp/\libhal_bsp.a(alt_icache_flush_all.o)
                                        0x153 (size before relaxing)
 .debug_str     0x0000000000000e59       0x46 ../simple_nios_lab_bsp/\libhal_bsp.a(alt_io_redirect.o)
                                        0x323 (size before relaxing)
 .debug_str     0x0000000000000e9f       0x5c ../simple_nios_lab_bsp/\libhal_bsp.a(alt_open.o)
                                        0x27e (size before relaxing)
 .debug_str     0x0000000000000efb       0x19 ../simple_nios_lab_bsp/\libhal_bsp.a(alt_release_fd.o)
                                        0x1d1 (size before relaxing)
 .debug_str     0x0000000000000f14       0x20 ../simple_nios_lab_bsp/\libhal_bsp.a(altera_nios2_gen2_irq.o)
                                        0x15a (size before relaxing)
 .debug_str     0x0000000000000f34       0x1e ../simple_nios_lab_bsp/\libhal_bsp.a(alt_find_dev.o)
                                        0x1f8 (size before relaxing)
 .debug_str     0x0000000000000f52       0x18 ../simple_nios_lab_bsp/\libhal_bsp.a(alt_find_file.o)
                                        0x206 (size before relaxing)
 .debug_str     0x0000000000000f6a       0x25 ../simple_nios_lab_bsp/\libhal_bsp.a(alt_get_fd.o)
                                        0x21a (size before relaxing)
 .debug_str     0x0000000000000f8f       0xe1 d:/intel/quartus/18.0lite/nios2eds/bin/gnu/h-x86_64-mingw32/bin/../lib/gcc/nios2-elf/5.3.0/../../../../../H-x86_64-mingw32/nios2-elf/lib/mno-hw-mul\libsmallc.a(lib_a-exit.o)
                                        0x1f0 (size before relaxing)
 .debug_str     0x0000000000001070       0x3d d:/intel/quartus/18.0lite/nios2eds/bin/gnu/h-x86_64-mingw32/bin/../lib/gcc/nios2-elf/5.3.0/../../../../../H-x86_64-mingw32/nios2-elf/lib/mno-hw-mul\libsmallc.a(lib_a-memcmp.o)
                                        0x1df (size before relaxing)
 .debug_str     0x00000000000010ad       0x65 d:/intel/quartus/18.0lite/nios2eds/bin/gnu/h-x86_64-mingw32/bin/../lib/gcc/nios2-elf/5.3.0/../../../../../H-x86_64-mingw32/nios2-elf/lib/mno-hw-mul\libsmallc.a(lib_a-__call_atexit.o)
                                        0x4eb (size before relaxing)
 .debug_str     0x0000000000001112      0x148 d:/intel/quartus/18.0lite/nios2eds/bin/gnu/h-x86_64-mingw32/bin/../lib/gcc/nios2-elf/5.3.0/mno-hw-mul\libgcc.a(lib2-mul.o)
                                        0x193 (size before relaxing)
 .debug_str     0x000000000000125a       0x2a ../simple_nios_lab_bsp/\libhal_bsp.a(alt_exit.o)
                                        0x14f (size before relaxing)

.debug_loc      0x0000000000000000     0x10c6
 *(.debug_loc)
 .debug_loc     0x0000000000000000       0x97 d:/intel/quartus/18.0lite/nios2eds/bin/gnu/h-x86_64-mingw32/bin/../lib/gcc/nios2-elf/5.3.0/../../../../../H-x86_64-mingw32/nios2-elf/lib/mno-hw-mul\libsmallc.a(lib_a-puts.o)
 .debug_loc     0x0000000000000097       0x1e d:/intel/quartus/18.0lite/nios2eds/bin/gnu/h-x86_64-mingw32/bin/../lib/gcc/nios2-elf/5.3.0/../../../../../H-x86_64-mingw32/nios2-elf/lib/mno-hw-mul\libsmallc.a(lib_a-strlen.o)
 .debug_loc     0x00000000000000b5      0x110 d:/intel/quartus/18.0lite/nios2eds/bin/gnu/h-x86_64-mingw32/bin/../lib/gcc/nios2-elf/5.3.0/../../../../../H-x86_64-mingw32/nios2-elf/lib/mno-hw-mul\libsmallc.a(lib_a-fvwrite_small_dev.o)
 .debug_loc     0x00000000000001c5       0xa5 d:/intel/quartus/18.0lite/nios2eds/bin/gnu/h-x86_64-mingw32/bin/../lib/gcc/nios2-elf/5.3.0/../../../../../H-x86_64-mingw32/nios2-elf/lib/mno-hw-mul\libsmallc.a(lib_a-writer.o)
 .debug_loc     0x000000000000026a       0x1e ../simple_nios_lab_bsp/\libhal_bsp.a(alt_main.o)
 .debug_loc     0x0000000000000288      0x185 ../simple_nios_lab_bsp/\libhal_bsp.a(alt_write.o)
 .debug_loc     0x000000000000040d       0x21 ../simple_nios_lab_bsp/\libhal_bsp.a(alt_sys_init.o)
 .debug_loc     0x000000000000042e      0x104 ../simple_nios_lab_bsp/\libhal_bsp.a(altera_avalon_jtag_uart_fd.o)
 .debug_loc     0x0000000000000532      0x118 ../simple_nios_lab_bsp/\libhal_bsp.a(altera_avalon_jtag_uart_read.o)
 .debug_loc     0x000000000000064a       0x8b ../simple_nios_lab_bsp/\libhal_bsp.a(altera_avalon_jtag_uart_write.o)
 .debug_loc     0x00000000000006d5       0xca ../simple_nios_lab_bsp/\libhal_bsp.a(alt_close.o)
 .debug_loc     0x000000000000079f       0x7e ../simple_nios_lab_bsp/\libhal_bsp.a(alt_dev_llist_insert.o)
 .debug_loc     0x000000000000081d      0x14a ../simple_nios_lab_bsp/\libhal_bsp.a(alt_io_redirect.o)
 .debug_loc     0x0000000000000967      0x2ec ../simple_nios_lab_bsp/\libhal_bsp.a(alt_open.o)
 .debug_loc     0x0000000000000c53       0x2c ../simple_nios_lab_bsp/\libhal_bsp.a(alt_release_fd.o)
 .debug_loc     0x0000000000000c7f       0x7e ../simple_nios_lab_bsp/\libhal_bsp.a(alt_find_dev.o)
 .debug_loc     0x0000000000000cfd       0x94 ../simple_nios_lab_bsp/\libhal_bsp.a(alt_find_file.o)
 .debug_loc     0x0000000000000d91       0x99 ../simple_nios_lab_bsp/\libhal_bsp.a(alt_get_fd.o)
 .debug_loc     0x0000000000000e2a       0x1e d:/intel/quartus/18.0lite/nios2eds/bin/gnu/h-x86_64-mingw32/bin/../lib/gcc/nios2-elf/5.3.0/../../../../../H-x86_64-mingw32/nios2-elf/lib/mno-hw-mul\libsmallc.a(lib_a-exit.o)
 .debug_loc     0x0000000000000e48       0x94 d:/intel/quartus/18.0lite/nios2eds/bin/gnu/h-x86_64-mingw32/bin/../lib/gcc/nios2-elf/5.3.0/../../../../../H-x86_64-mingw32/nios2-elf/lib/mno-hw-mul\libsmallc.a(lib_a-memcmp.o)
 .debug_loc     0x0000000000000edc      0x157 d:/intel/quartus/18.0lite/nios2eds/bin/gnu/h-x86_64-mingw32/bin/../lib/gcc/nios2-elf/5.3.0/../../../../../H-x86_64-mingw32/nios2-elf/lib/mno-hw-mul\libsmallc.a(lib_a-__call_atexit.o)
 .debug_loc     0x0000000000001033       0x93 d:/intel/quartus/18.0lite/nios2eds/bin/gnu/h-x86_64-mingw32/bin/../lib/gcc/nios2-elf/5.3.0/mno-hw-mul\libgcc.a(lib2-mul.o)

.debug_macinfo
 *(.debug_macinfo)

.debug_weaknames
 *(.debug_weaknames)

.debug_funcnames
 *(.debug_funcnames)

.debug_typenames
 *(.debug_typenames)

.debug_varnames
 *(.debug_varnames)

.debug_alt_sim_info
                0x0000000000000000       0x10
 *(.debug_alt_sim_info)
 .debug_alt_sim_info
                0x0000000000000000       0x10 ../simple_nios_lab_bsp//obj/HAL/src/crt0.o
                0x0000000000004000                __alt_data_end = 0x4000
                0x0000000000004000                PROVIDE (__alt_stack_pointer, __alt_data_end)
                [!provide]                        PROVIDE (__alt_stack_limit, __alt_stack_base)
                [!provide]                        PROVIDE (__alt_heap_start, end)
                [!provide]                        PROVIDE (__alt_heap_limit, 0x4000)
OUTPUT(simple_nios_lab.elf elf32-littlenios2)

.debug_ranges   0x0000000000000000      0x200
 .debug_ranges  0x0000000000000000       0x20 ../simple_nios_lab_bsp//obj/HAL/src/crt0.o
 .debug_ranges  0x0000000000000020       0x18 d:/intel/quartus/18.0lite/nios2eds/bin/gnu/h-x86_64-mingw32/bin/../lib/gcc/nios2-elf/5.3.0/../../../../../H-x86_64-mingw32/nios2-elf/lib/mno-hw-mul\libsmallc.a(lib_a-puts.o)
 .debug_ranges  0x0000000000000038       0x10 d:/intel/quartus/18.0lite/nios2eds/bin/gnu/h-x86_64-mingw32/bin/../lib/gcc/nios2-elf/5.3.0/../../../../../H-x86_64-mingw32/nios2-elf/lib/mno-hw-mul\libsmallc.a(lib_a-strlen.o)
 .debug_ranges  0x0000000000000048       0x28 d:/intel/quartus/18.0lite/nios2eds/bin/gnu/h-x86_64-mingw32/bin/../lib/gcc/nios2-elf/5.3.0/../../../../../H-x86_64-mingw32/nios2-elf/lib/mno-hw-mul\libsmallc.a(lib_a-fvwrite_small_dev.o)
 .debug_ranges  0x0000000000000070       0x10 d:/intel/quartus/18.0lite/nios2eds/bin/gnu/h-x86_64-mingw32/bin/../lib/gcc/nios2-elf/5.3.0/../../../../../H-x86_64-mingw32/nios2-elf/lib/mno-hw-mul\libsmallc.a(lib_a-writer.o)
 .debug_ranges  0x0000000000000080       0x18 ../simple_nios_lab_bsp/\libhal_bsp.a(alt_load.o)
 .debug_ranges  0x0000000000000098       0x48 ../simple_nios_lab_bsp/\libhal_bsp.a(alt_write.o)
 .debug_ranges  0x00000000000000e0       0x18 ../simple_nios_lab_bsp/\libhal_bsp.a(alt_sys_init.o)
 .debug_ranges  0x00000000000000f8       0x18 ../simple_nios_lab_bsp/\libhal_bsp.a(altera_avalon_jtag_uart_read.o)
 .debug_ranges  0x0000000000000110       0x30 ../simple_nios_lab_bsp/\libhal_bsp.a(alt_close.o)
 .debug_ranges  0x0000000000000140       0x38 ../simple_nios_lab_bsp/\libhal_bsp.a(alt_dev_llist_insert.o)
 .debug_ranges  0x0000000000000178       0x40 ../simple_nios_lab_bsp/\libhal_bsp.a(alt_open.o)
 .debug_ranges  0x00000000000001b8       0x10 d:/intel/quartus/18.0lite/nios2eds/bin/gnu/h-x86_64-mingw32/bin/../lib/gcc/nios2-elf/5.3.0/../../../../../H-x86_64-mingw32/nios2-elf/lib/mno-hw-mul\libsmallc.a(lib_a-exit.o)
 .debug_ranges  0x00000000000001c8       0x10 d:/intel/quartus/18.0lite/nios2eds/bin/gnu/h-x86_64-mingw32/bin/../lib/gcc/nios2-elf/5.3.0/../../../../../H-x86_64-mingw32/nios2-elf/lib/mno-hw-mul\libsmallc.a(lib_a-memcmp.o)
 .debug_ranges  0x00000000000001d8       0x28 d:/intel/quartus/18.0lite/nios2eds/bin/gnu/h-x86_64-mingw32/bin/../lib/gcc/nios2-elf/5.3.0/../../../../../H-x86_64-mingw32/nios2-elf/lib/mno-hw-mul\libsmallc.a(lib_a-__call_atexit.o)
